 tbb

 Timestamp is 4ce50ce8 (Thu Nov 18 06:24:24 2010)

 Preferred load address is 10000000

 Start         Length     Name                   Class
 0001:00000000 0000dcbbH .text                   CODE
 0001:0000dcc0 000006d9H .text$x                 CODE
 0001:0000e3a0 0000004cH .text$yc                CODE
 0001:0000e3f0 0000002aH .text$yd                CODE
 0002:00000000 00000184H .idata$5                DATA
 0002:00000184 00000004H .CRT$XCA                DATA
 0002:00000188 0000000cH .CRT$XCU                DATA
 0002:00000194 00000004H .CRT$XCZ                DATA
 0002:00000198 00000004H .CRT$XIA                DATA
 0002:0000019c 00000004H .CRT$XIAA               DATA
 0002:000001a0 00000004H .CRT$XIZ                DATA
 0002:000001b0 00000e68H .rdata                  DATA
 0002:00001018 00000061H .rdata$debug            DATA
 0002:0000107c 00000b60H .rdata$r                DATA
 0002:00001bdc 00000004H .rtc$IAA                DATA
 0002:00001be0 00000004H .rtc$IZZ                DATA
 0002:00001be4 00000004H .rtc$TAA                DATA
 0002:00001be8 00000004H .rtc$TZZ                DATA
 0002:00001bf0 00000bbcH .xdata$x                DATA
 0002:000027ac 0000003cH .idata$2                DATA
 0002:000027e8 00000014H .idata$3                DATA
 0002:000027fc 00000184H .idata$4                DATA
 0002:00002980 00000792H .idata$6                DATA
 0002:00003120 00002bffH .edata                  DATA
 0003:00000000 00000aa0H .data                   DATA
 0003:00000aa0 000013f0H .bss                    DATA
 0004:00000000 00000058H .rsrc$01                DATA
 0004:00000060 00000520H .rsrc$02                DATA

  Address         Publics by Value              Rva+Base       Lib:Object

 0000:00000000       ___safe_se_handler_count   00000000     <absolute>
 0000:00000000       ___safe_se_handler_table   00000000     <absolute>
 0000:00000000       __except_list              00000000     <absolute>
 0000:00009876       __fltused                  00009876     <absolute>
 0000:00009876       __ldused                   00009876     <absolute>
 0000:00000000       ___ImageBase               10000000     <linker-defined>
 0001:00000000       ?initialize_cache_aligned_allocator@internal@tbb@@YAXXZ 10001000 f   cache_aligned_allocator.obj
 0001:000000f0       ?NFS_GetLineSize@internal@tbb@@YAIXZ 100010f0 f   cache_aligned_allocator.obj
 0001:00000100       ?NFS_Allocate@internal@tbb@@YAPAXIIPAX@Z 10001100 f   cache_aligned_allocator.obj
 0001:00000190       ??0bad_alloc@std@@QAE@ABV01@@Z 10001190 f i cache_aligned_allocator.obj
 0001:000001b0       ?NFS_Free@internal@tbb@@YAXPAX@Z 100011b0 f   cache_aligned_allocator.obj
 0001:000001e0       ?allocate_closure_v3@internal@tbb@@YAPAXI@Z 100011e0 f   tbb_thread.obj
 0001:000001e0       ?allocate_via_handler_v3@internal@tbb@@YAPAXI@Z 100011e0 f   cache_aligned_allocator.obj
 0001:00000230       ?free_closure_v3@internal@tbb@@YAXPAX@Z 10001230 f   tbb_thread.obj
 0001:00000230       ?deallocate_via_handler_v3@internal@tbb@@YAXPAX@Z 10001230 f   cache_aligned_allocator.obj
 0001:00000250       ?is_malloc_used_v3@internal@tbb@@YA_NXZ 10001250 f   cache_aligned_allocator.obj
 0001:00000280       ?internal_grow_predicate@hash_map_segment_base@internal@tbb@@QBE_NXZ 10001280 f   concurrent_hash_map.obj
 0001:000002a0       ?__TBB_LockByte@@YAIAAE@Z  100012a0 f i concurrent_queue.obj
 0001:00000310       ??3@YAXPAX0@Z              10001310 f i concurrent_queue.obj
 0001:00000320       ??1scoped_lock@spin_mutex@tbb@@QAE@XZ 10001320 f i concurrent_queue.obj
 0001:00000330       ?what@bad_last_alloc@tbb@@UBEPBDXZ 10001330 f i concurrent_queue.obj
 0001:00000340       ??1bad_alloc@std@@UAE@XZ   10001340 f i cache_aligned_allocator.obj
 0001:00000340       ??1bad_last_alloc@tbb@@UAE@XZ 10001340 f i concurrent_queue.obj
 0001:00000350       ??_Ebad_last_alloc@tbb@@UAEPAXI@Z 10001350 f i  CIL library: CIL module
 0001:00000350       ??_Gbad_last_alloc@tbb@@UAEPAXI@Z 10001350 f i concurrent_queue.obj
 0001:00000350       ??_Ebad_alloc@std@@UAEPAXI@Z 10001350 f i  CIL library: CIL module
 0001:00000350       ??_Gbad_alloc@std@@UAEPAXI@Z 10001350 f i cache_aligned_allocator.obj
 0001:00000380       ??1micro_queue_pop_finalizer@internal@tbb@@QAE@XZ 10001380 f i concurrent_queue.obj
 0001:000003d0       ?push@micro_queue@internal@tbb@@QAEXPBXIAAVconcurrent_queue_base_v3@23@@Z 100013d0 f   concurrent_queue.obj
 0001:000005a0       ??0bad_last_alloc@tbb@@QAE@ABV01@@Z 100015a0 f i concurrent_queue.obj
 0001:000005c0       ?pop@micro_queue@internal@tbb@@QAE_NPAXIAAVconcurrent_queue_base_v3@23@@Z 100015c0 f   concurrent_queue.obj
 0001:00000740       ?assign@micro_queue@internal@tbb@@QAEAAU123@ABU123@AAVconcurrent_queue_base_v3@23@@Z 10001740 f   concurrent_queue.obj
 0001:00000870       ?make_copy@micro_queue@internal@tbb@@QAEPAUpage@concurrent_queue_base_v3@23@AAV523@PBU4523@IIAAI@Z 10001870 f   concurrent_queue.obj
 0001:000008e0       ?make_invalid@micro_queue@internal@tbb@@QAEXI@Z 100018e0 f   concurrent_queue.obj
 0001:00000940       ??0concurrent_queue_base_v3@internal@tbb@@IAE@I@Z 10001940 f   concurrent_queue.obj
 0001:00000a20       ??_Gconcurrent_queue_base_v3@internal@tbb@@MAEPAXI@Z 10001a20 f i concurrent_queue.obj
 0001:00000a20       ??_Econcurrent_queue_base_v3@internal@tbb@@MAEPAXI@Z 10001a20 f i  CIL library: CIL module
 0001:00000a40       ??1concurrent_queue_base_v3@internal@tbb@@MAE@XZ 10001a40 f   concurrent_queue.obj
 0001:00000ab0       ?internal_push@concurrent_queue_base_v3@internal@tbb@@IAEXPBX@Z 10001ab0 f   concurrent_queue.obj
 0001:00000c90       ?internal_pop@concurrent_queue_base_v3@internal@tbb@@IAEXPAX@Z 10001c90 f   concurrent_queue.obj
 0001:00000e30       ?internal_pop_if_present@concurrent_queue_base_v3@internal@tbb@@IAE_NPAX@Z 10001e30 f   concurrent_queue.obj
 0001:00000f10       ?internal_push_if_not_full@concurrent_queue_base_v3@internal@tbb@@IAE_NPBX@Z 10001f10 f   concurrent_queue.obj
 0001:00000fe0       ?internal_size@concurrent_queue_base_v3@internal@tbb@@IBEHXZ 10001fe0 f   concurrent_queue.obj
 0001:00001000       ?internal_empty@concurrent_queue_base_v3@internal@tbb@@IBE_NXZ 10002000 f   concurrent_queue.obj
 0001:00001040       ?internal_set_capacity@concurrent_queue_base@internal@tbb@@IAEXHI@Z 10002040 f   concurrent_queue_v2.obj
 0001:00001040       ?internal_set_capacity@concurrent_queue_base_v3@internal@tbb@@IAEXHI@Z 10002040 f   concurrent_queue.obj
 0001:00001060       ?internal_finish_clear@concurrent_queue_base_v3@internal@tbb@@IAEXXZ 10002060 f   concurrent_queue.obj
 0001:000010b0       ?internal_throw_exception@concurrent_queue_base_v3@internal@tbb@@IBEXXZ 100020b0 f   concurrent_queue.obj
 0001:000010e0       ?assign@concurrent_queue_base_v3@internal@tbb@@IAEXABV123@@Z 100020e0 f   concurrent_queue.obj
 0001:00001150       ??0concurrent_queue_iterator_base_v3@internal@tbb@@IAE@ABVconcurrent_queue_base_v3@12@@Z 10002150 f   concurrent_queue.obj
 0001:00001200       ?assign@concurrent_queue_iterator_base_v3@internal@tbb@@IAEXABV123@@Z 10002200 f   concurrent_queue.obj
 0001:00001280       ?advance@concurrent_queue_iterator_base_v3@internal@tbb@@IAEXXZ 10002280 f   concurrent_queue.obj
 0001:00001310       ??1concurrent_queue_iterator_base_v3@internal@tbb@@IAE@XZ 10002310 f   concurrent_queue.obj
 0001:00001350       ??Y?$atomic_impl_with_arithmetic@IID@internal@tbb@@QAEII@Z 10002350 f i concurrent_queue.obj
 0001:00001380       ??E?$atomic_impl_with_arithmetic@IID@internal@tbb@@QAEIXZ 10002380 f i concurrent_queue.obj
 0001:000013a0       ?compare_and_swap@?$atomic_impl@I@internal@tbb@@QAEIII@Z 100023a0 f i concurrent_queue.obj
 0001:000013d0       ??$spin_wait_until_eq@U?$atomic@I@tbb@@I@internal@tbb@@YAXADU?$atomic@I@1@I@Z 100023d0 f i concurrent_queue.obj
 0001:00001410       ??$spin_wait_while_eq@U?$atomic@PAUsegment_t@concurrent_vector_base_v3@internal@tbb@@@tbb@@PAUsegment_t@concurrent_vector_base_v3@internal@2@@internal@tbb@@YAXADU?$atomic@PAUsegment_t@concurrent_vector_base_v3@internal@tbb@@@1@PAUsegment_t@concurrent_vector_base_v3@01@@Z 10002410 f i concurrent_vector.obj
 0001:00001410       ??$spin_wait_while_eq@U?$atomic@I@tbb@@I@internal@tbb@@YAXADU?$atomic@I@1@I@Z 10002410 f i concurrent_queue.obj
 0001:00001450       ??1push_finalizer@micro_queue@internal@tbb@@QAE@XZ 10002450 f i concurrent_queue_v2.obj
 0001:00001460       ??1pop_finalizer@micro_queue@internal@tbb@@QAE@XZ 10002460 f i concurrent_queue_v2.obj
 0001:000014c0       ?push@micro_queue@internal@tbb@@QAEXPBXIAAVconcurrent_queue_base@23@@Z 100024c0 f   concurrent_queue_v2.obj
 0001:000015b0       ?pop@micro_queue@internal@tbb@@QAE_NPAXIAAVconcurrent_queue_base@23@@Z 100025b0 f   concurrent_queue_v2.obj
 0001:000016a0       ??0concurrent_queue_base@internal@tbb@@IAE@I@Z 100026a0 f   concurrent_queue_v2.obj
 0001:00001730       ??_Econcurrent_queue_base@internal@tbb@@MAEPAXI@Z 10002730 f i  CIL library: CIL module
 0001:00001730       ??_Gconcurrent_queue_base@internal@tbb@@MAEPAXI@Z 10002730 f i concurrent_queue_v2.obj
 0001:00001750       ??1concurrent_queue_base@internal@tbb@@MAE@XZ 10002750 f   concurrent_queue_v2.obj
 0001:000017b0       ?internal_push@concurrent_queue_base@internal@tbb@@IAEXPBX@Z 100027b0 f   concurrent_queue_v2.obj
 0001:00001860       ?internal_pop@concurrent_queue_base@internal@tbb@@IAEXPAX@Z 10002860 f   concurrent_queue_v2.obj
 0001:000018b0       ?internal_pop_if_present@concurrent_queue_base@internal@tbb@@IAE_NPAX@Z 100028b0 f   concurrent_queue_v2.obj
 0001:00001960       ?internal_push_if_not_full@concurrent_queue_base@internal@tbb@@IAE_NPBX@Z 10002960 f   concurrent_queue_v2.obj
 0001:00001a20       ?internal_size@concurrent_queue_base@internal@tbb@@IBEHXZ 10002a20 f   concurrent_queue_v2.obj
 0001:00001a30       ??0concurrent_queue_iterator_base@internal@tbb@@IAE@ABVconcurrent_queue_base@12@@Z 10002a30 f   concurrent_queue_v2.obj
 0001:00001ac0       ?assign@concurrent_queue_iterator_base@internal@tbb@@IAEXABV123@@Z 10002ac0 f   concurrent_queue_v2.obj
 0001:00001b40       ?advance@concurrent_queue_iterator_base@internal@tbb@@IAEXXZ 10002b40 f   concurrent_queue_v2.obj
 0001:00001bb0       ??1concurrent_queue_iterator_base@internal@tbb@@IAE@XZ 10002bb0 f   concurrent_queue_v2.obj
 0001:00001bd0       ?segment_index_of@concurrent_vector_base_v3@internal@tbb@@KAII@Z 10002bd0 f i concurrent_vector.obj
 0001:00001c00       ?what@runtime_error@std@@UBEPBDXZ 10002c00 f i concurrent_vector.obj
 0001:00001c00       ?what@logic_error@std@@UBEPBDXZ 10002c00 f i concurrent_vector.obj
 0001:00001c10       ??1out_of_range@std@@UAE@XZ 10002c10 f i concurrent_vector.obj
 0001:00001c10       ??1length_error@std@@UAE@XZ 10002c10 f i concurrent_vector.obj
 0001:00001c30       ??_Eout_of_range@std@@UAEPAXI@Z 10002c30 f i  CIL library: CIL module
 0001:00001c30       ??_Elogic_error@std@@UAEPAXI@Z 10002c30 f i  CIL library: CIL module
 0001:00001c30       ??_Elength_error@std@@UAEPAXI@Z 10002c30 f i  CIL library: CIL module
 0001:00001c30       ??_Glogic_error@std@@UAEPAXI@Z 10002c30 f i concurrent_vector.obj
 0001:00001c30       ??_Glength_error@std@@UAEPAXI@Z 10002c30 f i concurrent_vector.obj
 0001:00001c30       ??_Gout_of_range@std@@UAEPAXI@Z 10002c30 f i concurrent_vector.obj
 0001:00001c60       ??_Erange_error@std@@UAEPAXI@Z 10002c60 f i  CIL library: CIL module
 0001:00001c60       ??_Eruntime_error@std@@UAEPAXI@Z 10002c60 f i  CIL library: CIL module
 0001:00001c60       ??_Grange_error@std@@UAEPAXI@Z 10002c60 f i concurrent_vector.obj
 0001:00001c60       ??_Gruntime_error@std@@UAEPAXI@Z 10002c60 f i concurrent_vector.obj
 0001:00001c90       ??1runtime_error@std@@UAE@XZ 10002c90 f i concurrent_vector.obj
 0001:00001c90       ??1range_error@std@@UAE@XZ 10002c90 f i concurrent_vector.obj
 0001:00001cb0       ?enable_segment@helper@concurrent_vector_base_v3@internal@tbb@@SAIAAV234@II@Z 10002cb0 f i concurrent_vector.obj
 0001:00001f10       ?extend_segment_table@helper@concurrent_vector_base_v3@internal@tbb@@SAXAAV234@I@Z 10002f10 f i concurrent_vector.obj
 0001:00002040       ?acquire_segment@helper@concurrent_vector_base_v3@internal@tbb@@SAAAUsegment_t@234@AAV234@II_N@Z 10003040 f i concurrent_vector.obj
 0001:000020c0       ?get_segment_ptr@helper@concurrent_vector_base_v3@internal@tbb@@QAEPAXI_N@Z 100030c0 f i concurrent_vector.obj
 0001:00002100       ??1helper@concurrent_vector_base_v3@internal@tbb@@QAE@XZ 10003100 f i concurrent_vector.obj
 0001:000022e0       ??1concurrent_vector_base_v3@internal@tbb@@IAE@XZ 100032e0 f   concurrent_vector.obj
 0001:00002330       ?internal_capacity@concurrent_vector_base_v3@internal@tbb@@IBEIXZ 10003330 f   concurrent_vector.obj
 0001:00002370       ?internal_throw_exception@concurrent_vector_base_v3@internal@tbb@@IBEXI@Z 10003370 f   concurrent_vector.obj
 0001:00002510       ??0out_of_range@std@@QAE@ABV01@@Z 10003510 f i concurrent_vector.obj
 0001:00002530       ??0logic_error@std@@QAE@ABV01@@Z 10003530 f i concurrent_vector.obj
 0001:000025a0       ??0range_error@std@@QAE@ABV01@@Z 100035a0 f i concurrent_vector.obj
 0001:000025c0       ??0runtime_error@std@@QAE@ABV01@@Z 100035c0 f i concurrent_vector.obj
 0001:00002630       ?internal_reserve@concurrent_vector_base_v3@internal@tbb@@IAEXIII@Z 10003630 f   concurrent_vector.obj
 0001:00002790       ??0length_error@std@@QAE@ABV01@@Z 10003790 f i concurrent_vector.obj
 0001:000027b0       ?internal_copy@concurrent_vector_base_v3@internal@tbb@@IAEXABV123@IP6AXPAXPBXI@Z@Z 100037b0 f   concurrent_vector.obj
 0001:000028c0       ?internal_assign@concurrent_vector_base_v3@internal@tbb@@IAEXABV123@IP6AXPAXI@ZP6AX1PBXI@Z4@Z 100038c0 f   concurrent_vector.obj
 0001:00002b30       ?internal_push_back@concurrent_vector_base_v3@internal@tbb@@IAEPAXIAAI@Z 10003b30 f   concurrent_vector.obj
 0001:00002be0       ?internal_grow_to_at_least@concurrent_vector_base_v3@internal@tbb@@IAEXIIP6AXPAXPBXI@Z1@Z 10003be0 f   concurrent_vector.obj
 0001:00002bf0       ?internal_grow_to_at_least_with_result@concurrent_vector_base_v3@internal@tbb@@IAEIIIP6AXPAXPBXI@Z1@Z 10003bf0 f   concurrent_vector.obj
 0001:00002d30       ?internal_grow_by@concurrent_vector_base_v3@internal@tbb@@IAEIIIP6AXPAXPBXI@Z1@Z 10003d30 f   concurrent_vector.obj
 0001:00002d80       ?internal_grow@concurrent_vector_base_v3@internal@tbb@@IAEXIIIP6AXPAXPBXI@Z1@Z 10003d80 f   concurrent_vector.obj
 0001:00002fd0       ?internal_resize@concurrent_vector_base_v3@internal@tbb@@IAEXIIIPBXP6AXPAXI@ZP6AX10I@Z@Z 10003fd0 f   concurrent_vector.obj
 0001:00003110       ?internal_clear@concurrent_vector_base_v3@internal@tbb@@IAEIP6AXPAXI@Z@Z 10004110 f   concurrent_vector.obj
 0001:000031d0       ?internal_compact@concurrent_vector_base_v3@internal@tbb@@IAEPAXIPAXP6AX0I@ZP6AX0PBXI@Z@Z 100041d0 f   concurrent_vector.obj
 0001:00003510       ?internal_swap@concurrent_vector_base_v3@internal@tbb@@IAEXAAV123@@Z 10004510 f   concurrent_vector.obj
 0001:00003600       ??$apply@Uinit_body@helper@concurrent_vector_base_v3@internal@tbb@@@helper@concurrent_vector_base_v3@internal@tbb@@QAEIABUinit_body@0123@@Z 10004600 f i concurrent_vector.obj
 0001:000036c0       ??$apply@Usafe_init_body@helper@concurrent_vector_base_v3@internal@tbb@@@helper@concurrent_vector_base_v3@internal@tbb@@QAEIABUsafe_init_body@0123@@Z 100046c0 f i concurrent_vector.obj
 0001:000037e0       ??$apply@Udestroy_body@helper@concurrent_vector_base_v3@internal@tbb@@@helper@concurrent_vector_base_v3@internal@tbb@@QAEIABUdestroy_body@0123@@Z 100047e0 f i concurrent_vector.obj
 0001:000038a0       ?internal_grow_to_at_least@concurrent_vector_base@internal@tbb@@IAEXIIP6AXPAXI@Z@Z 100048a0 f   concurrent_vector_v2.obj
 0001:00003910       ?extend_segment@helper@concurrent_vector_base@internal@tbb@@CAXAAV234@@Z 10004910 f   concurrent_vector_v2.obj
 0001:000039d0       ?internal_capacity@concurrent_vector_base@internal@tbb@@IBEIXZ 100049d0 f   concurrent_vector_v2.obj
 0001:00003a10       ?internal_reserve@concurrent_vector_base@internal@tbb@@IAEXIII@Z 10004a10 f   concurrent_vector_v2.obj
 0001:00003b40       ?internal_copy@concurrent_vector_base@internal@tbb@@IAEXABV123@IP6AXPAXPBXI@Z@Z 10004b40 f   concurrent_vector_v2.obj
 0001:00003c00       ?internal_assign@concurrent_vector_base@internal@tbb@@IAEXABV123@IP6AXPAXI@ZP6AX1PBXI@Z4@Z 10004c00 f   concurrent_vector_v2.obj
 0001:00003d80       ?internal_push_back@concurrent_vector_base@internal@tbb@@IAEPAXIAAI@Z 10004d80 f   concurrent_vector_v2.obj
 0001:00003e80       ?internal_grow_by@concurrent_vector_base@internal@tbb@@IAEIIIP6AXPAXI@Z@Z 10004e80 f   concurrent_vector_v2.obj
 0001:00003ec0       ?internal_grow@concurrent_vector_base@internal@tbb@@IAEXIIIP6AXPAXI@Z@Z 10004ec0 f   concurrent_vector_v2.obj
 0001:00003ff0       ?internal_clear@concurrent_vector_base@internal@tbb@@IAEXP6AXPAXI@Z_N@Z 10004ff0 f   concurrent_vector_v2.obj
 0001:00004100       ?dynamic_link@internal@tbb@@YA_NPAXQBUdynamic_link_descriptor@12@II@Z 10005100 f   dynamic_link.obj
 0001:000041a0       ?dynamic_link@internal@tbb@@YA_NPBDQBUdynamic_link_descriptor@12@IIPAPAUHINSTANCE__@@@Z 100051a0 f   dynamic_link.obj
 0001:00004230       ?itt_store_pointer_with_release_v3@internal@tbb@@YAXPAX0@Z 10005230 f   itt_notify.obj
 0001:00004260       ?itt_load_pointer_with_acquire_v3@internal@tbb@@YAPAXPBX@Z 10005260 f   itt_notify.obj
 0001:00004280       ?itt_load_pointer_v3@internal@tbb@@YAPAXPBX@Z 10005280 f   itt_notify.obj
 0001:00004290       ?itt_set_sync_name_v3@internal@tbb@@YAXPAXPB_W@Z 10005290 f   itt_notify.obj
 0001:00005af0       ?internal_acquire@scoped_lock@mutex@tbb@@AAEXAAV23@@Z 10006af0 f   mutex.obj
 0001:00005b20       ?internal_release@scoped_lock@mutex@tbb@@AAEXXZ 10006b20 f   mutex.obj
 0001:00005b50       ?internal_try_acquire@scoped_lock@mutex@tbb@@AAE_NAAV23@@Z 10006b50 f   mutex.obj
 0001:00005b80       ?internal_construct@mutex@tbb@@AAEXXZ 10006b80 f   mutex.obj
 0001:00005bb0       ??1task@tbb@@UAE@XZ        10006bb0 f i pipeline.obj
 0001:00005bc0       ??2@YAPAXIABVallocate_additional_child_of_proxy@internal@tbb@@@Z 10006bc0 f i pipeline.obj
 0001:00005c00       ??_Efilter@tbb@@UAEPAXI@Z  10006c00 f i  CIL library: CIL module
 0001:00005c00       ??_Gfilter@tbb@@UAEPAXI@Z  10006c00 f i pipeline.obj
 0001:00005c40       ??0input_buffer@internal@tbb@@QAE@_N0@Z 10006c40 f i pipeline.obj
 0001:00005c70       ?clear@input_buffer@internal@tbb@@QAEXPAVfilter@3@@Z 10006c70 f i pipeline.obj
 0001:00005cc0       ?return_item@input_buffer@internal@tbb@@QAE_NAAUtask_info@23@_N@Z 10006cc0 f i pipeline.obj
 0001:00005d90       ?put_item@input_buffer@internal@tbb@@QAEXAAUtask_info@23@@Z 10006d90 f i pipeline.obj
 0001:00005e60       ?grow@input_buffer@internal@tbb@@AAEXK@Z 10006e60 f   pipeline.obj
 0001:00005f40       ??0stage_task@internal@tbb@@QAE@AAVpipeline@2@@Z 10006f40 f i pipeline.obj
 0001:00005f70       ??0stage_task@internal@tbb@@QAE@AAVpipeline@2@PAVfilter@2@ABUtask_info@12@@Z 10006f70 f i pipeline.obj
 0001:00005fb0       ??1stage_task@internal@tbb@@UAE@XZ 10006fb0 f i pipeline.obj
 0001:00006030       ?spawn_stage_task@stage_task@internal@tbb@@QAEXABUtask_info@23@@Z 10007030 f i pipeline.obj
 0001:000060c0       ??_Estage_task@internal@tbb@@UAEPAXI@Z 100070c0 f i  CIL library: CIL module
 0001:000060c0       ??_Gstage_task@internal@tbb@@UAEPAXI@Z 100070c0 f i pipeline.obj
 0001:000060e0       ?execute@stage_task@internal@tbb@@UAEPAVtask@3@XZ 100070e0 f   pipeline.obj
 0001:00006420       ?execute@pipeline_root_task@internal@tbb@@EAEPAVtask@3@XZ 10007420 f i pipeline.obj
 0001:00006580       ??0pipeline_root_task@internal@tbb@@QAE@AAVpipeline@2@@Z 10007580 f i pipeline.obj
 0001:000065d0       ??1pipeline_cleaner@internal@tbb@@QAE@XZ 100075d0 f i pipeline.obj
 0001:00006600       ?clear_filters@pipeline@tbb@@AAEXXZ 10007600 f   pipeline.obj
 0001:00006640       ??0pipeline@tbb@@QAE@XZ    10007640 f   pipeline.obj
 0001:00006660       ??_Epipeline@tbb@@UAEPAXI@Z 10007660 f i  CIL library: CIL module
 0001:00006660       ??_Gpipeline@tbb@@UAEPAXI@Z 10007660 f i pipeline.obj
 0001:00006690       ??1pipeline@tbb@@UAE@XZ    10007690 f   pipeline.obj
 0001:000066a0       ?clear@pipeline@tbb@@QAEXXZ 100076a0 f   pipeline.obj
 0001:00006720       ?add_filter@pipeline@tbb@@QAEXAAVfilter@2@@Z 10007720 f   pipeline.obj
 0001:000068e0       ?remove_filter@pipeline@tbb@@AAEXAAVfilter@2@@Z 100078e0 f   pipeline.obj
 0001:00006960       ?run@pipeline@tbb@@QAEXIAAVtask_group_context@2@@Z 10007960 f   pipeline.obj
 0001:00006a10       ?run@pipeline@tbb@@QAEXI@Z 10007a10 f   pipeline.obj
 0001:00006b00       ??1filter@tbb@@UAE@XZ      10007b00 f   pipeline.obj
 0001:00006b30       ?process_item@thread_bound_filter@tbb@@QAE?AW4result_type@12@XZ 10007b30 f   pipeline.obj
 0001:00006b40       ?try_process_item@thread_bound_filter@tbb@@QAE?AW4result_type@12@XZ 10007b40 f   pipeline.obj
 0001:00006b50       ?internal_process_item@thread_bound_filter@tbb@@AAE?AW4result_type@12@_N@Z 10007b50 f   pipeline.obj
 0001:00006cd0       ??E?$atomic_impl_with_arithmetic@KKD@internal@tbb@@QAEKH@Z 10007cd0 f i pipeline.obj
 0001:00006cf0       ??$note_done@Vstage_task@internal@tbb@@@input_buffer@internal@tbb@@QAEXKAAVstage_task@12@@Z 10007cf0 f i pipeline.obj
 0001:00006dd0       ??$put_token@Vstage_task@internal@tbb@@@input_buffer@internal@tbb@@QAE_NAAVstage_task@12@@Z 10007dd0 f i pipeline.obj
 0001:00006ec0       ?commit_wait@thread_monitor@internal@rml@@QAEXAAVcookie@123@@Z 10007ec0 f i private_server.obj
 0001:00006f30       ?remove_server_ref@private_server@rml@internal@tbb@@AAEXXZ 10007f30 f i private_server.obj
 0001:00006f90       ?request_close_connection@private_server@rml@internal@tbb@@UAEXXZ 10007f90 f i private_server.obj
 0001:00007020       ?independent_thread_number_changed@private_server@rml@internal@tbb@@UAEXH@Z 10008020 f i private_server.obj
 0001:00007020       ?inject_token@pipeline@tbb@@AAEXAAVtask@2@@Z 10008020 f i pipeline.obj
 0001:00007020       ?note_affinity@task@tbb@@UAEXG@Z 10008020 f i task.obj
 0001:00007020       ?finalize@filter@tbb@@UAEXPAX@Z 10008020 f i pipeline.obj
 0001:00007030       ?default_concurrency@private_server@rml@internal@tbb@@UBEIXZ 10008030 f i private_server.obj
 0001:00007060       ?thread_routine@private_worker@rml@internal@tbb@@CGIPAX@Z 10008060 f   private_server.obj
 0001:000070c0       ?start_shutdown@private_worker@rml@internal@tbb@@AAEXXZ 100080c0 f   private_server.obj
 0001:00007130       ?run@private_worker@rml@internal@tbb@@AAEXXZ 10008130 f   private_server.obj
 0001:00007260       ??0private_server@rml@internal@tbb@@QAE@AAVtbb_client@123@@Z 10008260 f   private_server.obj
 0001:00007370       ??_Gprivate_server@rml@internal@tbb@@EAEPAXI@Z 10008370 f i private_server.obj
 0001:00007370       ??_Eprivate_server@rml@internal@tbb@@EAEPAXI@Z 10008370 f i  CIL library: CIL module
 0001:00007390       ??1private_server@rml@internal@tbb@@EAE@XZ 10008390 f   private_server.obj
 0001:00007400       ?try_insert_in_asleep_list@private_server@rml@internal@tbb@@AAE_NAAVprivate_worker@234@@Z 10008400 f i private_server.obj
 0001:00007480       ?wake_some@private_server@rml@internal@tbb@@AAEXH@Z 10008480 f   private_server.obj
 0001:00007590       ?adjust_job_count_estimate@private_server@rml@internal@tbb@@UAEXH@Z 10008590 f   private_server.obj
 0001:000075d0       ?make_private_server@rml@internal@tbb@@YAPAVtbb_server@123@AAVtbb_client@123@@Z 100085d0 f   private_server.obj
 0001:00007640       ?acquire@scoped_lock@queuing_mutex@tbb@@QAEXAAV23@@Z 10008640 f   queuing_mutex.obj
 0001:000076c0       ?try_acquire@scoped_lock@queuing_mutex@tbb@@QAE_NAAV23@@Z 100086c0 f   queuing_mutex.obj
 0001:00007730       ?release@scoped_lock@queuing_mutex@tbb@@QAEXXZ 10008730 f   queuing_mutex.obj
 0001:000077a0       ?internal_construct@queuing_mutex@tbb@@QAEXXZ 100087a0 f   queuing_mutex.obj
 0001:000077c0       ?acquire_internal_lock@scoped_lock@queuing_rw_mutex@tbb@@AAEXXZ 100087c0 f i queuing_rw_mutex.obj
 0001:00007800       ?acquire@scoped_lock@queuing_rw_mutex@tbb@@QAEXAAV23@_N@Z 10008800 f   queuing_rw_mutex.obj
 0001:00007980       ?try_acquire@scoped_lock@queuing_rw_mutex@tbb@@QAE_NAAV23@_N@Z 10008980 f   queuing_rw_mutex.obj
 0001:00007a00       ?release@scoped_lock@queuing_rw_mutex@tbb@@QAEXXZ 10008a00 f   queuing_rw_mutex.obj
 0001:00007c80       ?downgrade_to_reader@scoped_lock@queuing_rw_mutex@tbb@@QAE_NXZ 10008c80 f   queuing_rw_mutex.obj
 0001:00007d20       ?upgrade_to_writer@scoped_lock@queuing_rw_mutex@tbb@@QAE_NXZ 10008d20 f   queuing_rw_mutex.obj
 0001:000080c0       ?internal_construct@queuing_rw_mutex@tbb@@QAEXXZ 100090c0 f   queuing_rw_mutex.obj
 0001:000080e0       ??$spin_wait_until_eq@EE@internal@tbb@@YAXADEE@Z 100090e0 f i queuing_rw_mutex.obj
 0001:00008130       ??$spin_wait_until_eq@EH@internal@tbb@@YAXADEH@Z 10009130 f i queuing_rw_mutex.obj
 0001:00008180       ??$spin_wait_while_eq@PAVscoped_lock@queuing_rw_mutex@tbb@@PAV123@@internal@tbb@@YAXADSAVscoped_lock@queuing_rw_mutex@1@PAV231@@Z 10009180 f i queuing_rw_mutex.obj
 0001:000081c0       ??$spin_wait_while_eq@PAVscoped_lock@queuing_rw_mutex@tbb@@PAX@internal@tbb@@YAXADSAVscoped_lock@queuing_rw_mutex@1@PAX@Z 100091c0 f i queuing_rw_mutex.obj
 0001:000081c0       ??$spin_wait_while_eq@PAVscoped_lock@queuing_mutex@tbb@@PAV123@@internal@tbb@@YAXADSAVscoped_lock@queuing_mutex@1@PAV231@@Z 100091c0 f i queuing_mutex.obj
 0001:000081c0       ??$spin_wait_while_eq@PAXPAX@internal@tbb@@YAXADSAXPAX@Z 100091c0 f i concurrent_vector.obj
 0001:000081c0       ??$spin_wait_while_eq@IK@internal@tbb@@YAXADIK@Z 100091c0 f i queuing_mutex.obj
 0001:00008210       ??$spin_wait_while_eq@EH@internal@tbb@@YAXADEH@Z 10009210 f i queuing_rw_mutex.obj
 0001:00008260       ?internal_acquire@scoped_lock@recursive_mutex@tbb@@AAEXAAV23@@Z 10009260 f   recursive_mutex.obj
 0001:00008280       ?internal_release@scoped_lock@recursive_mutex@tbb@@AAEXXZ 10009280 f   recursive_mutex.obj
 0001:000082a0       ?internal_try_acquire@scoped_lock@recursive_mutex@tbb@@AAE_NAAV23@@Z 100092a0 f   recursive_mutex.obj
 0001:000082c0       ?internal_construct@recursive_mutex@tbb@@AAEXXZ 100092c0 f   recursive_mutex.obj
 0001:000082f0       ?internal_destroy@recursive_mutex@tbb@@AAEXXZ 100092f0 f   recursive_mutex.obj
 0001:000082f0       ?internal_destroy@mutex@tbb@@AAEXXZ 100092f0 f   mutex.obj
 0001:00008310       ?open@tbb_factory@rml@internal@tbb@@QAE?AW4status_type@factory@2@XZ 10009310 f   rml_tbb.obj
 0001:000083d0       ?internal_acquire@scoped_lock@spin_mutex@tbb@@AAEXAAV23@@Z 100093d0 f   spin_mutex.obj
 0001:00008410       ?internal_release@scoped_lock@spin_mutex@tbb@@AAEXXZ 10009410 f   spin_mutex.obj
 0001:00008440       ?internal_try_acquire@scoped_lock@spin_mutex@tbb@@AAE_NAAV23@@Z 10009440 f   spin_mutex.obj
 0001:00008490       ?internal_construct@spin_mutex@tbb@@QAEXXZ 10009490 f   spin_mutex.obj
 0001:000084b0       ?internal_acquire_writer@spin_rw_mutex_v3@tbb@@AAE_NXZ 100094b0 f   spin_rw_mutex.obj
 0001:00008550       ?internal_release_writer@spin_rw_mutex_v3@tbb@@AAEXXZ 10009550 f   spin_rw_mutex.obj
 0001:00008570       ?internal_acquire_reader@spin_rw_mutex_v3@tbb@@AAEXXZ 10009570 f   spin_rw_mutex.obj
 0001:00008600       ?internal_upgrade@spin_rw_mutex_v3@tbb@@AAE_NXZ 10009600 f   spin_rw_mutex.obj
 0001:000086f0       ?internal_downgrade@spin_rw_mutex_v3@tbb@@AAEXXZ 100096f0 f   spin_rw_mutex.obj
 0001:00008720       ?internal_release_reader@spin_rw_mutex_v3@tbb@@AAEXXZ 10009720 f   spin_rw_mutex.obj
 0001:00008750       ?internal_try_acquire_writer@spin_rw_mutex_v3@tbb@@AAE_NXZ 10009750 f   spin_rw_mutex.obj
 0001:000087b0       ?internal_try_acquire_reader@spin_rw_mutex_v3@tbb@@AAE_NXZ 100097b0 f   spin_rw_mutex.obj
 0001:00008810       ?internal_construct@spin_rw_mutex_v3@tbb@@AAEXXZ 10009810 f   spin_rw_mutex.obj
 0001:00008830       ?internal_itt_releasing@spin_rw_mutex@tbb@@CAXPAV12@@Z 10009830 f   spin_rw_mutex_v2.obj
 0001:00008840       ?internal_acquire_writer@spin_rw_mutex@tbb@@CA_NPAV12@@Z 10009840 f   spin_rw_mutex_v2.obj
 0001:000088e0       ?internal_release_writer@spin_rw_mutex@tbb@@CAXPAV12@@Z 100098e0 f   spin_rw_mutex_v2.obj
 0001:00008910       ?internal_acquire_reader@spin_rw_mutex@tbb@@CAXPAV12@@Z 10009910 f   spin_rw_mutex_v2.obj
 0001:000089a0       ?internal_upgrade@spin_rw_mutex@tbb@@CA_NPAV12@@Z 100099a0 f   spin_rw_mutex_v2.obj
 0001:00008a80       ?internal_downgrade@spin_rw_mutex@tbb@@CAXPAV12@@Z 10009a80 f   spin_rw_mutex_v2.obj
 0001:00008ab0       ?internal_release_reader@spin_rw_mutex@tbb@@CAXPAV12@@Z 10009ab0 f   spin_rw_mutex_v2.obj
 0001:00008ae0       ?internal_try_acquire_writer@spin_rw_mutex@tbb@@CA_NPAV12@@Z 10009ae0 f   spin_rw_mutex_v2.obj
 0001:00008b40       ?internal_try_acquire_reader@spin_rw_mutex@tbb@@CA_NPAV12@@Z 10009b40 f   spin_rw_mutex_v2.obj
 0001:00008ba0       ?version@UnpaddedArenaPrefix@internal@tbb@@EBEIXZ 10009ba0 f i task.obj
 0001:00008ba0       ?version@private_server@rml@internal@tbb@@UBEIXZ 10009ba0 f i private_server.obj
 0001:00008ba0       ?execute@empty_task@tbb@@EAEPAVtask@2@XZ 10009ba0 f i task.obj
 0001:00008bb0       ??0captured_exception@tbb@@QAE@ABV01@@Z 10009bb0 f i task.obj
 0001:00008bf0       ??1captured_exception@tbb@@UAE@XZ 10009bf0 f i task.obj
 0001:00008c30       ?throw_self@captured_exception@tbb@@UAEXXZ 10009c30 f i task.obj
 0001:00008cb0       ??_Ecaptured_exception@tbb@@UAEPAXI@Z 10009cb0 f i  CIL library: CIL module
 0001:00008cb0       ??_Gcaptured_exception@tbb@@UAEPAXI@Z 10009cb0 f i task.obj
 0001:00008d00       ??0tbb_exception@tbb@@QAE@ABV01@@Z 10009d00 f i task.obj
 0001:00008d20       ??1tbb_exception@tbb@@UAE@XZ 10009d20 f i task.obj
 0001:00008d30       ??_Etbb_exception@tbb@@UAEPAXI@Z 10009d30 f i  CIL library: CIL module
 0001:00008d30       ??_Gtbb_exception@tbb@@UAEPAXI@Z 10009d30 f i task.obj
 0001:00008d60       ??1scoped_lock@mutex@tbb@@QAE@XZ 10009d60 f i task.obj
 0001:00008d80       ?acquire@mail_outbox@internal@tbb@@AAEPAUtask_proxy@23@XZ 10009d80 f i task.obj
 0001:00008df0       ?name@captured_exception@tbb@@UBEPBDXZ 10009df0 f i task.obj
 0001:00008df0       ?max_job_count@UnpaddedArenaPrefix@internal@tbb@@EBEIXZ 10009df0 f i task.obj
 0001:00008e00       ?min_stack_size@UnpaddedArenaPrefix@internal@tbb@@EBEIXZ 10009e00 f i task.obj
 0001:00008e10       ?policy@UnpaddedArenaPrefix@internal@tbb@@EBE?AW4policy_type@client@rml@@XZ 10009e10 f i task.obj
 0001:00008e20       ?free_arena@Arena@internal@tbb@@AAEXXZ 10009e20 f i task.obj
 0001:00008eb0       ?add_ref@__TBB_InitOnce@internal@tbb@@SAXXZ 10009eb0 f i task.obj
 0001:00008f00       ?remove_ref@__TBB_InitOnce@internal@tbb@@SAXXZ 10009f00 f i task.obj
 0001:00008f70       ?obtain_arena@Governor@internal@tbb@@CAPAVArena@23@HI@Z 10009f70 f i task.obj
 0001:00009040       ?finish_with_arena@Governor@internal@tbb@@SAXXZ 1000a040 f i task.obj
 0001:000090b0       ?local_scheduler@Governor@internal@tbb@@SAPAVGenericScheduler@23@XZ 1000a0b0 f i task.obj
 0001:00009120       ?DoOneTimeInitializations@internal@tbb@@YAXXZ 1000a120 f   task.obj
 0001:00009320       _DllMain@12                1000a320 f   task.obj
 0001:00009370       ??1scheduler@internal@tbb@@UAE@XZ 1000a370 f   task.obj
 0001:00009380       ?is_local_task_pool_empty@GenericScheduler@internal@tbb@@AAE_NXZ 1000a380 f i task.obj
 0001:000093b0       ?notify_entry_observers@GenericScheduler@internal@tbb@@AAEXXZ 1000a3b0 f i task.obj
 0001:000093e0       ?spawn@GenericScheduler@internal@tbb@@UAEXAAVtask@3@AAPAV43@@Z 1000a3e0 f i task.obj
 0001:00009400       ?spawn_root_and_wait@GenericScheduler@internal@tbb@@UAEXAAVtask@3@AAPAV43@@Z 1000a400 f i task.obj
 0001:00009420       ??1auto_empty_task@internal@tbb@@QAE@XZ 1000a420 f i task.obj
 0001:00009440       ??_Gempty_task@tbb@@UAEPAXI@Z 1000a440 f i task.obj
 0001:00009440       ??_Gpipeline_root_task@internal@tbb@@UAEPAXI@Z 1000a440 f i pipeline.obj
 0001:00009440       ??_Gtask@tbb@@UAEPAXI@Z    1000a440 f i pipeline.obj
 0001:00009440       ??_Etask@tbb@@UAEPAXI@Z    1000a440 f i  CIL library: CIL module
 0001:00009440       ??_Epipeline_root_task@internal@tbb@@UAEPAXI@Z 1000a440 f i  CIL library: CIL module
 0001:00009440       ??_Eempty_task@tbb@@UAEPAXI@Z 1000a440 f i  CIL library: CIL module
 0001:00009460       ?sign_on@Governor@internal@tbb@@SAXPAVGenericScheduler@23@@Z 1000a460 f i task.obj
 0001:000094c0       ?auto_terminate@Governor@internal@tbb@@CAXPAX@Z 1000a4c0 f   task.obj
 0001:00009520       ?allocate_task@GenericScheduler@internal@tbb@@QAEAAVtask@3@IPAV43@PAVtask_group_context@3@@Z 1000a520 f i task.obj
 0001:00009600       ?free_nonlocal_small_task@GenericScheduler@internal@tbb@@QAEXAAVtask@3@@Z 1000a600 f   task.obj
 0001:000096d0       ?allocate_arena@Arena@internal@tbb@@CAPAV123@III@Z 1000a6d0 f   task.obj
 0001:00009860       ?mark_pool_full@Arena@internal@tbb@@AAEXXZ 1000a860 f i task.obj
 0001:00009900       ?check_if_pool_is_empty@Arena@internal@tbb@@AAE_NXZ 1000a900 f   task.obj
 0001:000099b0       ?terminate_workers@Arena@internal@tbb@@AAEXXZ 1000a9b0 f   task.obj
 0001:00009a40       ??0GenericScheduler@internal@tbb@@IAE@PAVArena@12@@Z 1000aa40 f   task.obj
 0001:00009bd0       ?propagate_cancellation@GenericScheduler@internal@tbb@@QAEXXZ 1000abd0 f   task.obj
 0001:00009c40       ?propagate_cancellation@GenericScheduler@internal@tbb@@QAEXPAVtask_group_context@3@@Z 1000ac40 f   task.obj
 0001:00009d30       ?grow@GenericScheduler@internal@tbb@@AAEXI@Z 1000ad30 f   task.obj
 0001:00009e10       ?free_scheduler@GenericScheduler@internal@tbb@@QAEXXZ 1000ae10 f   task.obj
 0001:0000a000       ?acquire_task_pool@GenericScheduler@internal@tbb@@ABEXXZ 1000b000 f i task.obj
 0001:0000a0a0       ?release_task_pool@GenericScheduler@internal@tbb@@ABEXXZ 1000b0a0 f i task.obj
 0001:0000a0d0       ?lock_task_pool@GenericScheduler@internal@tbb@@ABEPAPAVtask@3@PAUArenaSlot@23@@Z 1000b0d0 f i task.obj
 0001:0000a170       ?prepare_for_spawning@GenericScheduler@internal@tbb@@AAEPAVtask@3@PAV43@@Z 1000b170 f i task.obj
 0001:0000a210       ?local_spawn@GenericScheduler@internal@tbb@@QAEXAAVtask@3@AAPAV43@@Z 1000b210 f   task.obj
 0001:0000a510       ?local_spawn_root_and_wait@GenericScheduler@internal@tbb@@QAEXAAVtask@3@AAPAV43@@Z 1000b510 f   task.obj
 0001:0000a5f0       ?get_mailbox_task@GenericScheduler@internal@tbb@@AAEPAVtask@3@XZ 1000b5f0 f i task.obj
 0001:0000a6f0       ?strip_proxy@GenericScheduler@internal@tbb@@AAEPAVtask@3@PAUtask_proxy@23@@Z 1000b6f0 f i task.obj
 0001:0000a7b0       ?get_task@GenericScheduler@internal@tbb@@AAEPAVtask@3@XZ 1000b7b0 f i task.obj
 0001:0000a8d0       ?steal_task@GenericScheduler@internal@tbb@@AAEPAVtask@3@AAUArenaSlot@23@@Z 1000b8d0 f   task.obj
 0001:0000a960       ?do_enter_arena@GenericScheduler@internal@tbb@@AAEXXZ 1000b960 f i task.obj
 0001:0000a9c0       ?try_enter_arena@GenericScheduler@internal@tbb@@AAEXXZ 1000b9c0 f   task.obj
 0001:0000aae0       ?create_worker@GenericScheduler@internal@tbb@@CAPAV123@AAVArena@23@I@Z 1000bae0 f   task.obj
 0001:0000ab80       ?create_master@GenericScheduler@internal@tbb@@CAPAV123@PAVArena@23@@Z 1000bb80 f   task.obj
 0001:0000ad20       ?cleanup_master@GenericScheduler@internal@tbb@@AAEXXZ 1000bd20 f   task.obj
 0001:0000ad70       ?process@UnpaddedArenaPrefix@internal@tbb@@EAEXAAVjob@rml@@@Z 1000bd70 f   task.obj
 0001:0000adb0       ?cleanup@UnpaddedArenaPrefix@internal@tbb@@EAEXAAVjob@rml@@@Z 1000bdb0 f   task.obj
 0001:0000ade0       ?open_connection_to_rml@UnpaddedArenaPrefix@internal@tbb@@IAEXXZ 1000bde0 f   task.obj
 0001:0000ae50       ?acknowledge_close_connection@UnpaddedArenaPrefix@internal@tbb@@EAEXXZ 1000be50 f   task.obj
 0001:0000ae60       ?create_one_job@UnpaddedArenaPrefix@internal@tbb@@EAEPAVjob@rml@@XZ 1000be60 f   task.obj
 0001:0000aeb0       ?allocate@allocate_root_proxy@internal@tbb@@SAAAVtask@3@I@Z 1000beb0 f   task.obj
 0001:0000aee0       ?free@allocate_root_proxy@internal@tbb@@SAXAAVtask@3@@Z 1000bee0 f   task.obj
 0001:0000af30       ?allocate@allocate_root_with_context_proxy@internal@tbb@@QBEAAVtask@3@I@Z 1000bf30 f   task.obj
 0001:0000afc0       ?free@allocate_root_with_context_proxy@internal@tbb@@QBEXAAVtask@3@@Z 1000bfc0 f   task.obj
 0001:0000afc0       ?free@allocate_child_proxy@internal@tbb@@QBEXAAVtask@3@@Z 1000bfc0 f   task.obj
 0001:0000b020       ?allocate@allocate_continuation_proxy@internal@tbb@@QBEAAVtask@3@I@Z 1000c020 f   task.obj
 0001:0000b050       ?free@allocate_continuation_proxy@internal@tbb@@QBEXAAVtask@3@@Z 1000c050 f   task.obj
 0001:0000b0b0       ?allocate@allocate_child_proxy@internal@tbb@@QBEAAVtask@3@I@Z 1000c0b0 f   task.obj
 0001:0000b0d0       ?allocate@allocate_additional_child_of_proxy@internal@tbb@@QBEAAVtask@3@I@Z 1000c0d0 f   task.obj
 0001:0000b120       ?free@allocate_additional_child_of_proxy@internal@tbb@@QBEXAAVtask@3@@Z 1000c120 f   task.obj
 0001:0000b1d0       ?get_initial_auto_partitioner_divisor@internal@tbb@@YAIXZ 1000c1d0 f   task.obj
 0001:0000b1e0       ?resize@affinity_partitioner_base_v3@internal@tbb@@AAEXI@Z 1000c1e0 f   task.obj
 0001:0000b260       ?copy_string@tbb@@YAXAAPADPBD@Z 1000c260 f i task.obj
 0001:0000b2e0       ?set@captured_exception@tbb@@QAEXPBD0@Z 1000c2e0 f   task.obj
 0001:0000b310       ?clear@captured_exception@tbb@@QAEXXZ 1000c310 f   task.obj
 0001:0000b340       ?move@captured_exception@tbb@@UAEPAV12@XZ 1000c340 f   task.obj
 0001:0000b3c0       ?destroy@captured_exception@tbb@@UAEXXZ 1000c3c0 f   task.obj
 0001:0000b410       ?allocate@captured_exception@tbb@@SAPAV12@PBD0@Z 1000c410 f   task.obj
 0001:0000b4d0       ?what@captured_exception@tbb@@UBEPBDXZ 1000c4d0 f   task.obj
 0001:0000b4e0       ??1task_group_context@tbb@@QAE@XZ 1000c4e0 f   task.obj
 0001:0000b540       ?init@task_group_context@tbb@@IAEXXZ 1000c540 f   task.obj
 0001:0000b590       ?cancel_group_execution@task_group_context@tbb@@QAE_NXZ 1000c590 f   task.obj
 0001:0000b5e0       ?is_group_execution_cancelled@task_group_context@tbb@@QBE_NXZ 1000c5e0 f   task.obj
 0001:0000b5f0       ?reset@task_group_context@tbb@@QAEXXZ 1000c5f0 f   task.obj
 0001:0000b620       ?propagate_cancellation_from_ancestors@task_group_context@tbb@@QAEXXZ 1000c620 f   task.obj
 0001:0000b650       ?register_pending_exception@task_group_context@tbb@@QAEXXZ 1000c650 f   task.obj
 0001:0000b750       ?internal_set_ref_count@task@tbb@@AAEXH@Z 1000c750 f   task.obj
 0001:0000b780       ?internal_decrement_ref_count@task@tbb@@AAEHXZ 1000c780 f   task.obj
 0001:0000b7d0       ?self@task@tbb@@SAAAV12@XZ 1000c7d0 f   task.obj
 0001:0000b7e0       ?is_owned_by_current_thread@task@tbb@@QBE_NXZ 1000c7e0 f   task.obj
 0001:0000b7f0       ?destroy@task@tbb@@QAEXAAV12@@Z 1000c7f0 f   task.obj
 0001:0000b870       ?spawn_and_wait_for_all@task@tbb@@QAEXAAVtask_list@2@@Z 1000c870 f   task.obj
 0001:0000b8c0       ?initialize@task_scheduler_init@tbb@@QAEXH@Z 1000c8c0 f   task.obj
 0001:0000b920       ?initialize@task_scheduler_init@tbb@@QAEXHI@Z 1000c920 f   task.obj
 0001:0000b980       ?terminate@task_scheduler_init@tbb@@QAEXXZ 1000c980 f   task.obj
 0001:0000b9e0       ??0observer_proxy@internal@tbb@@AAE@AAVtask_scheduler_observer_v3@12@@Z 1000c9e0 f   task.obj
 0001:0000ba30       ?remove_ref_slow@observer_proxy@internal@tbb@@AAEXXZ 1000ca30 f   task.obj
 0001:0000baf0       ?process_list@observer_proxy@internal@tbb@@SAPAV123@PAV123@_N1@Z 1000caf0 f   task.obj
 0001:0000bcb0       ?observe@task_scheduler_observer_v3@internal@tbb@@QAEX_N@Z 1000ccb0 f   task.obj
 0001:0000bdb0       ?wait_for_all@?$CustomScheduler@UDefaultSchedulerTraits@internal@tbb@@@internal@tbb@@EAEXAAVtask@3@PAV43@@Z 1000cdb0 f i task.obj
 0001:0000bdd0       ?allocate_scheduler@?$CustomScheduler@UDefaultSchedulerTraits@internal@tbb@@@internal@tbb@@SAPAVGenericScheduler@23@PAVArena@23@@Z 1000cdd0 f i task.obj
 0001:0000be60       ?wait_for_all@?$CustomScheduler@UIntelSchedulerTraits@internal@tbb@@@internal@tbb@@EAEXAAVtask@3@PAV43@@Z 1000ce60 f i task.obj
 0001:0000be80       ?allocate_scheduler@?$CustomScheduler@UIntelSchedulerTraits@internal@tbb@@@internal@tbb@@SAPAVGenericScheduler@23@PAVArena@23@@Z 1000ce80 f i task.obj
 0001:0000bf10       ??1?$fast_reverse_vector@PAVtask@tbb@@$0BA@@internal@tbb@@QAE@XZ 1000cf10 f i task.obj
 0001:0000bf60       ?copy_memory@?$fast_reverse_vector@PAVtask@tbb@@$0BA@@internal@tbb@@QBEXPAPAVtask@3@@Z 1000cf60 f i task.obj
 0001:0000bfd0       ??_GGenericScheduler@internal@tbb@@UAEPAXI@Z 1000cfd0 f i task.obj
 0001:0000bfd0       ??_E?$CustomScheduler@UDefaultSchedulerTraits@internal@tbb@@@internal@tbb@@UAEPAXI@Z 1000cfd0 f i  CIL library: CIL module
 0001:0000bfd0       ??_G?$CustomScheduler@UIntelSchedulerTraits@internal@tbb@@@internal@tbb@@UAEPAXI@Z 1000cfd0 f i task.obj
 0001:0000bfd0       ??_EGenericScheduler@internal@tbb@@UAEPAXI@Z 1000cfd0 f i  CIL library: CIL module
 0001:0000bfd0       ??_E?$CustomScheduler@UIntelSchedulerTraits@internal@tbb@@@internal@tbb@@UAEPAXI@Z 1000cfd0 f i  CIL library: CIL module
 0001:0000bfd0       ??_G?$CustomScheduler@UDefaultSchedulerTraits@internal@tbb@@@internal@tbb@@UAEPAXI@Z 1000cfd0 f i task.obj
 0001:0000bff0       ?local_wait_for_all@?$CustomScheduler@UDefaultSchedulerTraits@internal@tbb@@@internal@tbb@@AAEXAAVtask@3@PAV43@@Z 1000cff0 f i task.obj
 0001:0000c530       ?local_wait_for_all@?$CustomScheduler@UIntelSchedulerTraits@internal@tbb@@@internal@tbb@@AAEXAAVtask@3@PAV43@@Z 1000d530 f i task.obj
 0001:0000c9b0       ??$free_task@$0A@@GenericScheduler@internal@tbb@@QAEXAAVtask@2@@Z 1000d9b0 f i task.obj
 0001:0000ca00       ?tally_completion_of_one_predecessor@?$CustomScheduler@UDefaultSchedulerTraits@internal@tbb@@@internal@tbb@@CA_NAAVtask@3@@Z 1000da00 f i task.obj
 0001:0000ca50       ?tally_completion_of_one_predecessor@?$CustomScheduler@UIntelSchedulerTraits@internal@tbb@@@internal@tbb@@CA_NAAVtask@3@@Z 1000da50 f i task.obj
 0001:0000ca90       ?set_assertion_handler@tbb@@YAP6AXPBDH00@ZP6AX0H00@Z@Z 1000da90 f   tbb_misc.obj
 0001:0000caa0       ?assertion_failure@tbb@@YAXPBDH00@Z 1000daa0 f   tbb_misc.obj
 0001:0000cb20       ?runtime_warning@internal@tbb@@YAXPBDZZ 1000db20 f   tbb_misc.obj
 0001:0000cba0       ?handle_perror@internal@tbb@@YAXHPBD@Z 1000dba0 f   tbb_misc.obj
 0001:0000cc90       ?throw_bad_last_alloc_exception_v4@internal@tbb@@YAXXZ 1000dc90 f   tbb_misc.obj
 0001:0000ccc0       ?GetBoolEnvironmentVariable@internal@tbb@@YA_NPBD@Z 1000dcc0 f   tbb_misc.obj
 0001:0000cd20       ?PrintRMLVersionInfo@internal@tbb@@YAXPAXPBD@Z 1000dd20 f   tbb_misc.obj
 0001:0000cd60       _TBB_runtime_interface_version 1000dd60 f   tbb_misc.obj
 0001:0000cd70       ___TBB_machine_store8_slow 1000dd70 f   tbb_misc.obj
 0001:0000cdf0       ?handle_win_error@internal@tbb@@YAXH@Z 1000ddf0 f   tbb_thread.obj
 0001:0000cea0       ?join@tbb_thread_v3@internal@tbb@@QAEXXZ 1000dea0 f   tbb_thread.obj
 0001:0000cf00       ?detach@tbb_thread_v3@internal@tbb@@QAEXXZ 1000df00 f   tbb_thread.obj
 0001:0000cf30       ?internal_start@tbb_thread_v3@internal@tbb@@AAEXP6GIPAX@Z0@Z 1000df30 f   tbb_thread.obj
 0001:0000cf80       ?default_num_threads@task_scheduler_init@tbb@@SAHXZ 1000df80 f   task.obj
 0001:0000cf80       ?hardware_concurrency@tbb_thread_v3@internal@tbb@@SAIXZ 1000df80 f   tbb_thread.obj
 0001:0000cfb0       ?thread_get_id_v3@internal@tbb@@YA?AVid@tbb_thread_v3@12@XZ 1000dfb0 f   tbb_thread.obj
 0001:0000cfc0       ?move_v3@internal@tbb@@YAXAAVtbb_thread_v3@12@0@Z 1000dfc0 f   tbb_thread.obj
 0001:0000d010       ?yield@private_server@rml@internal@tbb@@UAEXXZ 1000e010 f   private_server.obj
 0001:0000d010       ?thread_yield_v3@internal@tbb@@YAXXZ 1000e010 f   tbb_thread.obj
 0001:0000d020       ?thread_sleep_v3@internal@tbb@@YAXABVinterval_t@tick_count@2@@Z 1000e020 f   tbb_thread.obj
 0001:0000d110       ___TBB_machine_fetchadd1   1000e110     atomic_support.obj
 0001:0000d120       ___TBB_machine_fetchstore1 1000e120     atomic_support.obj
 0001:0000d12c       ___TBB_machine_cmpswp1     1000e12c     atomic_support.obj
 0001:0000d140       ___TBB_machine_fetchadd2   1000e140     atomic_support.obj
 0001:0000d150       ___TBB_machine_fetchstore2 1000e150     atomic_support.obj
 0001:0000d160       ___TBB_machine_cmpswp2     1000e160     atomic_support.obj
 0001:0000d174       ___TBB_machine_fetchadd4   1000e174     atomic_support.obj
 0001:0000d184       ___TBB_machine_fetchstore4 1000e184     atomic_support.obj
 0001:0000d190       ___TBB_machine_cmpswp4     1000e190     atomic_support.obj
 0001:0000d1a4       ___TBB_machine_fetchadd8   1000e1a4     atomic_support.obj
 0001:0000d1c4       ___TBB_machine_fetchstore8 1000e1c4     atomic_support.obj
 0001:0000d1e0       ___TBB_machine_cmpswp8     1000e1e0     atomic_support.obj
 0001:0000d200       ___TBB_machine_load8       1000e200     atomic_support.obj
 0001:0000d234       ___TBB_machine_store8      1000e234     atomic_support.obj
 0001:0000d250       ___TBB_machine_trylockbyte 1000e250     lock_byte.obj
 0001:0000d26b       ??_U@YAPAXI@Z              1000e26b f   msvcprt:newaop_s.obj
 0001:0000d276       @__security_check_cookie@4 1000e276 f   MSVCRT:secchk.obj
 0001:0000d286       ?what@exception@std@@UBEPBDXZ 1000e286 f   MSVCRT:MSVCR90.dll
 0001:0000d28c       ??0exception@std@@QAE@ABV01@@Z 1000e28c f   MSVCRT:MSVCR90.dll
 0001:0000d292       ??3@YAXPAX@Z               1000e292 f   MSVCRT:MSVCR90.dll
 0001:0000d298       ??_Etype_info@@UAEPAXI@Z   1000e298 f i MSVCRT:ti_inst.obj
 0001:0000d2e4       __purecall                 1000e2e4 f   MSVCRT:MSVCR90.dll
 0001:0000d2ea       ??2@YAPAXI@Z               1000e2ea f   MSVCRT:MSVCR90.dll
 0001:0000d2f0       ___clean_type_info_names   1000e2f0 f   MSVCRT:tncleanup.obj
 0001:0000d2fc       __onexit                   1000e2fc f   MSVCRT:atonexit.obj
 0001:0000d3a1       _atexit                    1000e3a1 f   MSVCRT:atonexit.obj
 0001:0000d3b8       ??_V@YAXPAX@Z              1000e3b8 f   MSVCRT:MSVCR90.dll
 0001:0000d3be       ___RTtypeid                1000e3be f   MSVCRT:MSVCR90.dll
 0001:0000d413       __CRT_INIT@12              1000e413 f   MSVCRT:crtdll.obj
 0001:0000d74f       __DllMainCRTStartup@12     1000e74f f   MSVCRT:crtdll.obj
 0001:0000d772       ___report_gsfailure        1000e772 f   MSVCRT:gs_report.obj
 0001:0000d878       ?__ArrayUnwind@@YGXPAXIHP6EX0@Z@Z 1000e878 f   MSVCRT:ehvecdtr.obj
 0001:0000d8d6       ??_M@YGXPAXIHP6EX0@Z@Z     1000e8d6 f   MSVCRT:ehvecdtr.obj
 0001:0000d93a       ___clean_type_info_names_internal 1000e93a f   MSVCRT:MSVCR90.dll
 0001:0000d940       __unlock                   1000e940 f   MSVCRT:MSVCR90.dll
 0001:0000d946       ___dllonexit               1000e946 f   MSVCRT:MSVCR90.dll
 0001:0000d94c       __lock                     1000e94c f   MSVCRT:MSVCR90.dll
 0001:0000d954       __SEH_prolog4              1000e954 f   MSVCRT:sehprolg4.obj
 0001:0000d999       __SEH_epilog4              1000e999 f   MSVCRT:sehprolg4.obj
 0001:0000d9ad       __except_handler4          1000e9ad f   MSVCRT:chandler4gs.obj
 0001:0000d9d2       __RTC_Initialize           1000e9d2 f   MSVCRT:_initsect_.obj
 0001:0000d9f8       __RTC_Terminate            1000e9f8 f   MSVCRT:_initsect_.obj
 0001:0000da20       __ValidateImageBase        1000ea20 f   MSVCRT:pesect.obj
 0001:0000da60       __FindPESection            1000ea60 f   MSVCRT:pesect.obj
 0001:0000dab0       __IsNonwritableInCurrentImage 1000eab0 f   MSVCRT:pesect.obj
 0001:0000db6e       __initterm                 1000eb6e f   MSVCRT:MSVCR90.dll
 0001:0000db74       __initterm_e               1000eb74 f   MSVCRT:MSVCR90.dll
 0001:0000db7a       __amsg_exit                1000eb7a f   MSVCRT:MSVCR90.dll
 0001:0000db80       ___CppXcptFilter           1000eb80 f   MSVCRT:MSVCR90.dll
 0001:0000db86       ___security_init_cookie    1000eb86 f   MSVCRT:gs_support.obj
 0001:0000dc1c       __crt_debugger_hook        1000ec1c f   MSVCRT:MSVCR90.dll
 0001:0000dc22       ?terminate@@YAXXZ          1000ec22 f   MSVCRT:MSVCR90.dll
 0001:0000dc28       ??1type_info@@UAE@XZ       1000ec28 f   MSVCRT:MSVCR90.dll
 0001:0000dc28       ?_type_info_dtor_internal_method@type_info@@QAEXXZ 1000ec28 f   MSVCRT:MSVCR90.dll
 0001:0000dc2e       __except_handler4_common   1000ec2e f   MSVCRT:MSVCR90.dll
 0001:0000dc40       _memset                    1000ec40 f   MSVCRT:MSVCR90.dll
 0001:0000dc46       _memcpy                    1000ec46 f   MSVCRT:MSVCR90.dll
 0001:0000dc50       __alloca_probe_16          1000ec50 f   MSVCRT:alloca16.obj
 0001:0000dc66       __alloca_probe_8           1000ec66     MSVCRT:alloca16.obj
 0001:0000dc7c       ___CxxFrameHandler3        1000ec7c f   MSVCRT:MSVCR90.dll
 0001:0000dc82       __CxxThrowException@8      1000ec82 f   MSVCRT:MSVCR90.dll
 0001:0000dc90       __chkstk                   1000ec90 f   MSVCRT:chkstk.obj
 0001:0000dc90       __alloca_probe             1000ec90     MSVCRT:chkstk.obj
 0002:00000000       __imp__WaitForSingleObject@8 10010000     kernel32:KERNEL32.dll
 0002:00000004       __imp__SetEvent@4          10010004     kernel32:KERNEL32.dll
 0002:00000008       __imp__InitializeCriticalSection@4 10010008     kernel32:KERNEL32.dll
 0002:0000000c       __imp__LeaveCriticalSection@4 1001000c     kernel32:KERNEL32.dll
 0002:00000010       __imp__EnterCriticalSection@4 10010010     kernel32:KERNEL32.dll
 0002:00000014       __imp__ResetEvent@4        10010014     kernel32:KERNEL32.dll
 0002:00000018       __imp__CreateEventW@16     10010018     kernel32:KERNEL32.dll
 0002:0000001c       __imp__DeleteCriticalSection@4 1001001c     kernel32:KERNEL32.dll
 0002:00000020       __imp__CloseHandle@4       10010020     kernel32:KERNEL32.dll
 0002:00000024       __imp__SwitchToThread@0    10010024     kernel32:KERNEL32.dll
 0002:00000028       __imp__SetErrorMode@4      10010028     kernel32:KERNEL32.dll
 0002:0000002c       __imp__FreeLibrary@4       1001002c     kernel32:KERNEL32.dll
 0002:00000030       __imp__GetProcAddress@8    10010030     kernel32:KERNEL32.dll
 0002:00000034       __imp__LoadLibraryA@4      10010034     kernel32:KERNEL32.dll
 0002:00000038       __imp__GetModuleHandleA@4  10010038     kernel32:KERNEL32.dll
 0002:0000003c       __imp__GetEnvironmentVariableA@12 1001003c     kernel32:KERNEL32.dll
 0002:00000040       __imp__TryEnterCriticalSection@4 10010040     kernel32:KERNEL32.dll
 0002:00000044       __imp__CreateEventA@16     10010044     kernel32:KERNEL32.dll
 0002:00000048       __imp__TlsGetValue@4       10010048     kernel32:KERNEL32.dll
 0002:0000004c       __imp__TlsSetValue@8       1001004c     kernel32:KERNEL32.dll
 0002:00000050       __imp__GetSystemInfo@4     10010050     kernel32:KERNEL32.dll
 0002:00000054       __imp__TlsAlloc@0          10010054     kernel32:KERNEL32.dll
 0002:00000058       __imp__TlsFree@4           10010058     kernel32:KERNEL32.dll
 0002:0000005c       __imp__QueryPerformanceCounter@4 1001005c     kernel32:KERNEL32.dll
 0002:00000060       __imp__FormatMessageA@28   10010060     kernel32:KERNEL32.dll
 0002:00000064       __imp__Sleep@4             10010064     kernel32:KERNEL32.dll
 0002:00000068       __imp__GetLastError@0      10010068     kernel32:KERNEL32.dll
 0002:0000006c       __imp__QueryPerformanceFrequency@4 1001006c     kernel32:KERNEL32.dll
 0002:00000070       __imp__GetCurrentThreadId@0 10010070     kernel32:KERNEL32.dll
 0002:00000074       __imp__LocalFree@4         10010074     kernel32:KERNEL32.dll
 0002:00000078       __imp__GetCurrentProcessId@0 10010078     kernel32:KERNEL32.dll
 0002:0000007c       __imp__GetTickCount@0      1001007c     kernel32:KERNEL32.dll
 0002:00000080       __imp__IsDebuggerPresent@0 10010080     kernel32:KERNEL32.dll
 0002:00000084       __imp__SetUnhandledExceptionFilter@4 10010084     kernel32:KERNEL32.dll
 0002:00000088       __imp__UnhandledExceptionFilter@4 10010088     kernel32:KERNEL32.dll
 0002:0000008c       __imp__GetCurrentProcess@0 1001008c     kernel32:KERNEL32.dll
 0002:00000090       __imp__TerminateProcess@8  10010090     kernel32:KERNEL32.dll
 0002:00000094       __imp__InterlockedCompareExchange@12 10010094     kernel32:KERNEL32.dll
 0002:00000098       __imp__InterlockedExchange@8 10010098     kernel32:KERNEL32.dll
 0002:0000009c       __imp__GetSystemTimeAsFileTime@4 1001009c     kernel32:KERNEL32.dll
 0002:000000a0       \177KERNEL32_NULL_THUNK_DATA 100100a0     kernel32:KERNEL32.dll
 0002:000000a4       __imp_??1?$basic_string@DU?$char_traits@D@std@@V?$allocator@D@2@@std@@QAE@XZ 100100a4     msvcprt:MSVCP90.dll
 0002:000000a8       __imp_??0?$basic_string@DU?$char_traits@D@std@@V?$allocator@D@2@@std@@QAE@ABV01@@Z 100100a8     msvcprt:MSVCP90.dll
 0002:000000ac       __imp_??0?$basic_string@DU?$char_traits@D@std@@V?$allocator@D@2@@std@@QAE@PBD@Z 100100ac     msvcprt:MSVCP90.dll
 0002:000000b0       \177MSVCP90_NULL_THUNK_DATA 100100b0     msvcprt:MSVCP90.dll
 0002:000000b4       __imp_??0exception@std@@QAE@ABV01@@Z 100100b4     MSVCRT:MSVCR90.dll
 0002:000000b8       __imp___beginthreadex      100100b8     MSVCRT:MSVCR90.dll
 0002:000000bc       __imp__fprintf             100100bc     MSVCRT:MSVCR90.dll
 0002:000000c0       __imp__exit                100100c0     MSVCRT:MSVCR90.dll
 0002:000000c4       __imp___wassert            100100c4     MSVCRT:MSVCR90.dll
 0002:000000c8       __imp__memmove             100100c8     MSVCRT:MSVCR90.dll
 0002:000000cc       __imp__strncpy             100100cc     MSVCRT:MSVCR90.dll
 0002:000000d0       __imp_??_V@YAXPAX@Z        100100d0     MSVCRT:MSVCR90.dll
 0002:000000d4       __imp____RTtypeid          100100d4     MSVCRT:MSVCR90.dll
 0002:000000d8       __imp__abort               100100d8     MSVCRT:MSVCR90.dll
 0002:000000dc       __imp__sprintf             100100dc     MSVCRT:MSVCR90.dll
 0002:000000e0       __imp__strerror            100100e0     MSVCRT:MSVCR90.dll
 0002:000000e4       __imp__fputs               100100e4     MSVCRT:MSVCR90.dll
 0002:000000e8       __imp__strchr              100100e8     MSVCRT:MSVCR90.dll
 0002:000000ec       __imp__fflush              100100ec     MSVCRT:MSVCR90.dll
 0002:000000f0       __imp__getenv              100100f0     MSVCRT:MSVCR90.dll
 0002:000000f4       __imp___errno              100100f4     MSVCRT:MSVCR90.dll
 0002:000000f8       __imp____clean_type_info_names_internal 100100f8     MSVCRT:MSVCR90.dll
 0002:000000fc       __imp_?name@type_info@@QBEPBDPAU__type_info_node@@@Z 100100fc     MSVCRT:MSVCR90.dll
 0002:000000fc       __imp_?_name_internal_method@type_info@@QBEPBDPAU__type_info_node@@@Z 100100fc     MSVCRT:MSVCR90.dll
 0002:00000100       __imp___unlock             10010100     MSVCRT:MSVCR90.dll
 0002:00000104       __imp_??0exception@std@@QAE@XZ 10010104     MSVCRT:MSVCR90.dll
 0002:00000108       __imp___encode_pointer     10010108     MSVCRT:MSVCR90.dll
 0002:0000010c       __imp___lock               1001010c     MSVCRT:MSVCR90.dll
 0002:00000110       __imp___onexit             10010110     MSVCRT:MSVCR90.dll
 0002:00000114       __imp___decode_pointer     10010114     MSVCRT:MSVCR90.dll
 0002:00000118       __imp___vsnprintf          10010118     MSVCRT:MSVCR90.dll
 0002:00000118       __imp__vsnprintf           10010118     MSVCRT:MSVCR90.dll
 0002:0000011c       __imp___malloc_crt         1001011c     MSVCRT:MSVCR90.dll
 0002:00000120       __imp___encoded_null       10010120     MSVCRT:MSVCR90.dll
 0002:00000124       __imp___initterm           10010124     MSVCRT:MSVCR90.dll
 0002:00000128       __imp___initterm_e         10010128     MSVCRT:MSVCR90.dll
 0002:0000012c       __imp___amsg_exit          1001012c     MSVCRT:MSVCR90.dll
 0002:00000130       __imp___adjust_fdiv        10010130     MSVCRT:MSVCR90.dll
 0002:00000134       __imp____CppXcptFilter     10010134     MSVCRT:MSVCR90.dll
 0002:00000138       __imp___crt_debugger_hook  10010138     MSVCRT:MSVCR90.dll
 0002:0000013c       __imp_?terminate@@YAXXZ    1001013c     MSVCRT:MSVCR90.dll
 0002:00000140       __imp_?_type_info_dtor_internal_method@type_info@@QAEXXZ 10010140     MSVCRT:MSVCR90.dll
 0002:00000144       __imp___except_handler4_common 10010144     MSVCRT:MSVCR90.dll
 0002:00000148       __imp_??0exception@std@@QAE@ABQBDH@Z 10010148     MSVCRT:MSVCR90.dll
 0002:0000014c       __imp_??1exception@std@@UAE@XZ 1001014c     MSVCRT:MSVCR90.dll
 0002:00000150       __imp_?what@exception@std@@UBEPBDXZ 10010150     MSVCRT:MSVCR90.dll
 0002:00000154       __imp_??2@YAPAXI@Z         10010154     MSVCRT:MSVCR90.dll
 0002:00000158       __imp___purecall           10010158     MSVCRT:MSVCR90.dll
 0002:0000015c       __imp_??3@YAXPAX@Z         1001015c     MSVCRT:MSVCR90.dll
 0002:00000160       __imp__malloc              10010160     MSVCRT:MSVCR90.dll
 0002:00000164       __imp____dllonexit         10010164     MSVCRT:MSVCR90.dll
 0002:00000168       __imp__free                10010168     MSVCRT:MSVCR90.dll
 0002:0000016c       __imp____iob_func          1001016c     MSVCRT:MSVCR90.dll
 0002:00000170       __imp__memset              10010170     MSVCRT:MSVCR90.dll
 0002:00000174       __imp__memcpy              10010174     MSVCRT:MSVCR90.dll
 0002:00000178       __imp____CxxFrameHandler3  10010178     MSVCRT:MSVCR90.dll
 0002:0000017c       __imp___CxxThrowException@8 1001017c     MSVCRT:MSVCR90.dll
 0002:00000180       \177MSVCR90_NULL_THUNK_DATA 10010180     MSVCRT:MSVCR90.dll
 0002:00000184       ___xc_a                    10010184     MSVCRT:cinitexe.obj
 0002:00000194       ___xc_z                    10010194     MSVCRT:cinitexe.obj
 0002:00000198       ___xi_a                    10010198     MSVCRT:cinitexe.obj
 0002:000001a0       ___xi_z                    100101a0     MSVCRT:cinitexe.obj
 0002:000001d0       ??_7type_info@@6B@         100101d0     MSVCRT:ti_inst.obj
 0002:000001d4       __pRawDllMain              100101d4     MSVCRT:crtdll.obj
 0002:000001d4       __pDefaultRawDllMain       100101d4     MSVCRT:crtdll.obj
 0002:000001e0       ??_C@_0O@IMDKFEIF@scalable_free?$AA@ 100101e0     cache_aligned_allocator.obj
 0002:000001f0       ??_C@_0BA@NAPEMIJE@scalable_malloc?$AA@ 100101f0     cache_aligned_allocator.obj
 0002:00000200       ??_C@_0P@GHFPNOJB@bad?5allocation?$AA@ 10010200     cache_aligned_allocator.obj
 0002:000003c0       ??_C@_0O@FOJJPCPH@tbbmalloc?4dll?$AA@ 100103c0     cache_aligned_allocator.obj
 0002:000003d0       ??_C@_06GLDDLHNF@malloc?$AA@ 100103d0     cache_aligned_allocator.obj
 0002:000003d8       ??_C@_09MCKBLNND@ALLOCATOR?$AA@ 100103d8     cache_aligned_allocator.obj
 0002:000003e8       ??_7bad_alloc@std@@6B@     100103e8     cache_aligned_allocator.obj
 0002:000003f0       ??_C@_0DB@EHGGIPPP@bad?5allocation?5in?5previous?5or?5co@ 100103f0     concurrent_queue.obj
 0002:00000428       ??_7bad_last_alloc@tbb@@6B@ 10010428     concurrent_queue.obj
 0002:00000434       ??_7concurrent_queue_base_v3@internal@tbb@@6B@ 10010434     concurrent_queue.obj
 0002:00000450       ??_7concurrent_queue_base@internal@tbb@@6B@ 10010450     concurrent_queue_v2.obj
 0002:0000045c       ??_C@_0CC@LGDCOMIO@Index?5out?5of?5requested?5size?5rang@ 1001045c     concurrent_vector.obj
 0002:00000480       ??_C@_0CF@FOAMFCKF@Index?5out?5of?5allocated?5segment?5s@ 10010480     concurrent_vector.obj
 0002:000004a8       ??_C@_0BH@JPEMMDHK@Index?5is?5not?5allocated?$AA@ 100104a8     concurrent_vector.obj
 0002:000004c0       ??_C@_0EN@BNMJDMF@argument?5to?5concurrent_vector?3?3r@ 100104c0     concurrent_vector.obj
 0002:00000514       ??_7logic_error@std@@6B@   10010514     concurrent_vector.obj
 0002:00000520       ??_7length_error@std@@6B@  10010520     concurrent_vector.obj
 0002:0000052c       ??_7out_of_range@std@@6B@  1001052c     concurrent_vector.obj
 0002:00000538       ??_7runtime_error@std@@6B@ 10010538     concurrent_vector.obj
 0002:00000544       ??_7range_error@std@@6B@   10010544     concurrent_vector.obj
 0002:00000550       ??_C@_0EL@IIMPHBHP@argument?5to?5ConcurrentVector?3?3re@ 10010550     concurrent_vector_v2.obj
 0002:0000059c       ??_C@_0BM@MMFMDFCK@__itt_jit_get_new_method_id?$AA@ 1001059c     itt_notify_proxy.obj
 0002:000005b8       ??_C@_0BC@LLDNPJMG@__itt_api_version?$AA@ 100105b8     itt_notify_proxy.obj
 0002:000005cc       ??_C@_0BD@EBCLOJDM@__itt_thr_mode_set?$AA@ 100105cc     itt_notify_proxy.obj
 0002:000005e0       ??_C@_0BD@OMOHDNKK@__itt_obj_mode_set?$AA@ 100105e0     itt_notify_proxy.obj
 0002:000005f4       ??_C@_0BA@DBMCENKO@__itt_state_set?$AA@ 100105f4     itt_notify_proxy.obj
 0002:00000604       ??_C@_0BA@OOLJINGG@__itt_state_get?$AA@ 10010604     itt_notify_proxy.obj
 0002:00000614       ??_C@_0BA@IJAPHNDA@__itt_event_end?$AA@ 10010614     itt_notify_proxy.obj
 0002:00000624       ??_C@_0BC@CFNFCMCG@__itt_event_start?$AA@ 10010624     itt_notify_proxy.obj
 0002:00000638       ??_C@_0BB@NAOEIHEA@__itt_thr_ignore?$AA@ 10010638     itt_notify_proxy.obj
 0002:0000064c       ??_C@_0BE@OJFKKDBP@__itt_event_createW?$AA@ 1001064c     itt_notify_proxy.obj
 0002:00000660       ??_C@_0BE@PFMCBGMI@__itt_event_createA?$AA@ 10010660     itt_notify_proxy.obj
 0002:00000674       ??_C@_0BE@OGGOOHEH@__itt_thr_name_setW?$AA@ 10010674     itt_notify_proxy.obj
 0002:00000688       ??_C@_0BE@PKPGFCJA@__itt_thr_name_setA?$AA@ 10010688     itt_notify_proxy.obj
 0002:0000069c       ??_C@_0BF@MDMGAPCJ@__itt_sync_set_nameW?$AA@ 1001069c     itt_notify_proxy.obj
 0002:000006b4       ??_C@_0BF@NPFOLKPO@__itt_sync_set_nameA?$AA@ 100106b4     itt_notify_proxy.obj
 0002:000006cc       ??_C@_0BK@LHKMCGEO@__itt_notify_cpath_target?$AA@ 100106cc     itt_notify_proxy.obj
 0002:000006e8       ??_C@_0BM@MDHJMDPI@__itt_notify_sync_releasing?$AA@ 100106e8     itt_notify_proxy.obj
 0002:00000704       ??_C@_0BL@ILFPBIOK@__itt_notify_sync_acquired?$AA@ 10010704     itt_notify_proxy.obj
 0002:00000720       ??_C@_0BJ@DIOKJHB@__itt_notify_sync_cancel?$AA@ 10010720     itt_notify_proxy.obj
 0002:0000073c       ??_C@_0BK@EPNEOEMG@__itt_notify_sync_prepare?$AA@ 1001073c     itt_notify_proxy.obj
 0002:00000758       ??_C@_0BD@OAABEAAN@__itt_mark_createW?$AA@ 10010758     itt_notify_proxy.obj
 0002:0000076c       ??_C@_0BD@PMJJPFNK@__itt_mark_createA?$AA@ 1001076c     itt_notify_proxy.obj
 0002:00000780       ??_C@_0BH@BMDJEFLP@__itt_jit_notify_event?$AA@ 10010780     itt_notify_proxy.obj
 0002:00000798       ??_C@_0BE@PDNEALBC@__itt_memory_update?$AA@ 10010798     itt_notify_proxy.obj
 0002:000007ac       ??_C@_0BD@NMPEKHPI@__itt_memory_write?$AA@ 100107ac     itt_notify_proxy.obj
 0002:000007c0       ??_C@_0BC@FOINABEG@__itt_memory_read?$AA@ 100107c0     itt_notify_proxy.obj
 0002:000007d4       ??_C@_0BE@LGGNMGLH@__itt_sync_released?$AA@ 100107d4     itt_notify_proxy.obj
 0002:000007e8       ??_C@_0BF@DIEOIMOH@__itt_sync_releasing?$AA@ 100107e8     itt_notify_proxy.obj
 0002:00000800       ??_C@_0BE@GIFMGCLF@__itt_sync_acquired?$AA@ 10010800     itt_notify_proxy.obj
 0002:00000814       ??_C@_0BC@MCENPEOO@__itt_sync_cancel?$AA@ 10010814     itt_notify_proxy.obj
 0002:00000828       ??_C@_0BD@CPKFKJEO@__itt_sync_prepare?$AA@ 10010828     itt_notify_proxy.obj
 0002:0000083c       ??_C@_0BE@GBGGMKDN@__itt_thread_ignore?$AA@ 1001083c     itt_notify_proxy.obj
 0002:00000850       ??_C@_0BG@CDJIJGAC@__itt_mark_global_off?$AA@ 10010850     itt_notify_proxy.obj
 0002:00000868       ??_C@_0P@CFDOAOOE@__itt_mark_off?$AA@ 10010868     itt_notify_proxy.obj
 0002:00000878       ??_C@_0BD@OFAHOGJG@__itt_sync_destroy?$AA@ 10010878     itt_notify_proxy.obj
 0002:0000088c       ??_C@_0BD@EGHBBMLO@__itt_sync_renameW?$AA@ 1001088c     itt_notify_proxy.obj
 0002:000008a0       ??_C@_0BD@FKOJKJGJ@__itt_sync_renameA?$AA@ 100108a0     itt_notify_proxy.obj
 0002:000008b4       ??_C@_0BD@BDMPGHJN@__itt_sync_createW?$AA@ 100108b4     itt_notify_proxy.obj
 0002:000008c8       ??_C@_0BD@PFHNCEK@__itt_sync_createA?$AA@ 100108c8     itt_notify_proxy.obj
 0002:000008dc       ??_C@_0BH@BBCLLFLL@__itt_thread_set_nameW?$AA@ 100108dc     itt_notify_proxy.obj
 0002:000008f4       ??_C@_0BH@NLDAAGM@__itt_thread_set_nameA?$AA@ 100108f4     itt_notify_proxy.obj
 0002:0000090c       ??_C@_0BD@NNIHGMPA@__itt_mark_globalW?$AA@ 1001090c     itt_notify_proxy.obj
 0002:00000920       ??_C@_0BD@MBBPNJCH@__itt_mark_globalA?$AA@ 10010920     itt_notify_proxy.obj
 0002:00000934       ??_C@_0M@DMMPKLGE@__itt_markW?$AA@ 10010934     itt_notify_proxy.obj
 0002:00000940       ??_C@_0M@CAFHBOLD@__itt_markA?$AA@ 10010940     itt_notify_proxy.obj
 0002:0000094c       ??_C@_0N@PMDEDCGD@__itt_resume?$AA@ 1001094c     itt_notify_proxy.obj
 0002:0000095c       ??_C@_0M@OBBFCECB@__itt_pause?$AA@ 1001095c     itt_notify_proxy.obj
 0002:00000968       ??_C@_0P@PHKFPIJA@KMP_FOR_TCHECK?$AA@ 10010968     itt_notify_proxy.obj
 0002:00000978       ??_C@_0BB@MEEBFJKA@KMP_FOR_TPROFILE?$AA@ 10010978     itt_notify_proxy.obj
 0002:0000098c       ??_C@_03NFKEKGGK@all?$AA@  1001098c     itt_notify_proxy.obj
 0002:00000990       ??_C@_03IGHFHLNJ@jit?$AA@  10010990     itt_notify_proxy.obj
 0002:00000994       ??_C@_05DEEMBJFM@fsync?$AA@ 10010994     itt_notify_proxy.obj
 0002:0000099c       ??_C@_04JNABKDKF@sync?$AA@ 1001099c     itt_notify_proxy.obj
 0002:000009a4       ??_C@_04KJJCFCK@mark?$AA@  100109a4     itt_notify_proxy.obj
 0002:000009ac       ??_C@_06FJHNOCKE@thread?$AA@ 100109ac     itt_notify_proxy.obj
 0002:000009b4       ??_C@_07MMBOFDEG@control?$AA@ 100109b4     itt_notify_proxy.obj
 0002:000009bc       ??_C@_0BB@GHDLJDEE@libittnotify?4dll?$AA@ 100109bc     itt_notify_proxy.obj
 0002:000009d0       ??_C@_0BF@GACDPIDA@INTEL_LIBITTNOTIFY32?$AA@ 100109d0     itt_notify_proxy.obj
 0002:000009e8       ??_C@_0BH@BCIELMCH@INTEL_ITTNOTIFY_GROUPS?$AA@ 100109e8     itt_notify_proxy.obj
 0002:00000a00       ??_C@_03IJOFBOLG@?0?$DL?5?$AA@ 10010a00     itt_notify_proxy.obj
 0002:00000a04       ??_C@_11LOCGONAA@?$AA?$AA@ 10010a04     mutex.obj
 0002:00000a08       ??_C@_1BG@ODPLMIDC@?$AAt?$AAb?$AAb?$AA?3?$AA?3?$AAm?$AAu?$AAt?$AAe?$AAx?$AA?$AA@ 10010a08     mutex.obj
 0002:00000a24       ??_7task@tbb@@6B@          10010a24     pipeline.obj
 0002:00000a34       ??_7pipeline@tbb@@6B@      10010a34     pipeline.obj
 0002:00000a3c       ??_7filter@tbb@@6B@        10010a3c     pipeline.obj
 0002:00000a4c       ??_7stage_task@internal@tbb@@6B@ 10010a4c     pipeline.obj
 0002:00000a5c       ??_7pipeline_root_task@internal@tbb@@6B@ 10010a5c     pipeline.obj
 0002:00000a68       ??_C@_0CP@ECLIENFE@thread_monitor?3?3launch?3?5_beginth@ 10010a68     private_server.obj
 0002:00000a9c       ??_7private_server@rml@internal@tbb@@6B@ 10010a9c     private_server.obj
 0002:00000ab8       ??_C@_1CG@PJPBKEPC@?$AAt?$AAb?$AAb?$AA?3?$AA?3?$AAq?$AAu?$AAe?$AAu?$AAi?$AAn?$AAg?$AA_?$AAm?$AAu?$AAt?$AAe?$AAx?$AA?$AA@ 10010ab8     queuing_mutex.obj
 0002:00000ae0       ??_C@_1CM@KJEIFCEB@?$AAt?$AAb?$AAb?$AA?3?$AA?3?$AAq?$AAu?$AAe?$AAu?$AAi?$AAn?$AAg?$AA_?$AAr?$AAw?$AA_?$AAm?$AAu?$AAt?$AAe?$AAx?$AA?$AA@ 10010ae0     queuing_rw_mutex.obj
 0002:00000b0c       ??_C@_1CK@OOCNHJOL@?$AAt?$AAb?$AAb?$AA?3?$AA?3?$AAr?$AAe?$AAc?$AAu?$AAr?$AAs?$AAi?$AAv?$AAe?$AA_?$AAm?$AAu?$AAt?$AAe?$AAx?$AA?$AA@ 10010b0c     recursive_mutex.obj
 0002:00000b38       ??_C@_1KA@PECBLBDA@?$AAc?$AA?3?$AA?2?$AAu?$AAs?$AAe?$AAr?$AAs?$AA?2?$AAh?$AAa?$AAz?$AAe?$AA?5?$AAf?$AAa?$AAm?$AAi?$AAl?$AAy?$AA?2?$AAd?$AAe?$AAs?$AAk?$AAt?$AAo?$AAp?$AA?2?$AAi?$AAn?$AAf@ 10010b38     rml_tbb.obj
 0002:00000bd8       ??_C@_1CA@KJKLIMDC@?$AA?$CB?$AAl?$AAi?$AAb?$AAr?$AAa?$AAr?$AAy?$AA_?$AAh?$AAa?$AAn?$AAd?$AAl?$AAe?$AA?$AA@ 10010bd8     rml_tbb.obj
 0002:00000bf8       ??_C@_0BD@CAMIMILA@__RML_open_factory?$AA@ 10010bf8     rml_tbb.obj
 0002:00000c0c       ??_C@_0BG@HALCIFOA@__TBB_make_rml_server?$AA@ 10010c0c     rml_tbb.obj
 0002:00000c24       ??_C@_0BE@HJHNNOAB@__RML_close_factory?$AA@ 10010c24     rml_tbb.obj
 0002:00000c38       ??_C@_0BP@ODNGMCC@__TBB_call_with_my_server_info?$AA@ 10010c38     rml_tbb.obj
 0002:00000c58       ??_C@_08NACEEPJJ@irml?4dll?$AA@ 10010c58     rml_tbb.obj
 0002:00000c64       ??_C@_1CO@IHOGEOPG@?$AAm?$AAy?$AA_?$AAm?$AAa?$AAk?$AAe?$AA_?$AAs?$AAe?$AAr?$AAv?$AAe?$AAr?$AA_?$AAr?$AAo?$AAu?$AAt?$AAi?$AAn?$AAe?$AA?$AA@ 10010c64     rml_tbb.obj
 0002:00000c98       ??_C@_1EC@MNIBIBPN@?$AAm?$AAy?$AA_?$AAc?$AAa?$AAl?$AAl?$AA_?$AAw?$AAi?$AAt?$AAh?$AA_?$AAs?$AAe?$AAr?$AAv?$AAe?$AAr?$AA_?$AAi?$AAn?$AAf?$AAo?$AA_?$AAr?$AAo?$AAu?$AAt?$AAi?$AAn?$AAe@ 10010c98     rml_tbb.obj
 0002:00000cdc       ??_C@_1CA@OBNAGBIB@?$AAt?$AAb?$AAb?$AA?3?$AA?3?$AAs?$AAp?$AAi?$AAn?$AA_?$AAm?$AAu?$AAt?$AAe?$AAx?$AA?$AA@ 10010cdc     spin_mutex.obj
 0002:00000cfc       ??_C@_1CG@PLAHABG@?$AAt?$AAb?$AAb?$AA?3?$AA?3?$AAs?$AAp?$AAi?$AAn?$AA_?$AAr?$AAw?$AA_?$AAm?$AAu?$AAt?$AAe?$AAx?$AA?$AA@ 10010cfc     spin_rw_mutex.obj
 0002:00000d24       ??_C@_1BM@LJBJJICB@?$AAT?$AAB?$AAB?$AA?5?$AAS?$AAc?$AAh?$AAe?$AAd?$AAu?$AAl?$AAe?$AAr?$AA?$AA@ 10010d24     task.obj
 0002:00000d40       ??_C@_1CE@PPIOBPMF@?$AAT?$AAb?$AAb?$AAS?$AAc?$AAh?$AAe?$AAd?$AAu?$AAl?$AAe?$AAr?$AAs?$AAL?$AAi?$AAs?$AAt?$AA?$AA@ 10010d40     task.obj
 0002:00000d64       ??_C@_1DG@DAINFCM@?$AAT?$AAb?$AAb?$AAS?$AAc?$AAh?$AAe?$AAd?$AAu?$AAl?$AAe?$AAr?$AAI?$AAn?$AAi?$AAt?$AAi?$AAa?$AAl?$AAi?$AAz?$AAa?$AAt?$AAi?$AAo?$AAn?$AA?$AA@ 10010d64     task.obj
 0002:00000d9c       ??_C@_1BE@HCOPGFC@?$AA?$CF?$AAC?$AAo?$AAn?$AAs?$AAt?$AAa?$AAn?$AAt?$AA?$AA@ 10010d9c     task.obj
 0002:00000db0       ??_C@_1BM@HPHMLNHL@?$AAT?$AAb?$AAb?$AAG?$AAl?$AAo?$AAb?$AAa?$AAl?$AAL?$AAo?$AAc?$AAk?$AA?$AA@ 10010db0     task.obj
 0002:00000dcc       ??_C@_0CG@EICLJBGO@TBB?5failed?5to?5initialize?5TLS?5sto@ 10010dcc     task.obj
 0002:00000df4       ??_C@_0M@EKHIKCEO@TBB_VERSION?$AA@ 10010df4     task.obj
 0002:00000e00       ??_C@_07NMPLPEPB@private?$AA@ 10010e00     task.obj
 0002:00000e08       ??_C@_03JLDBPJFA@RML?$AA@  10010e08     task.obj
 0002:00000e0c       ??_C@_06HBFNPGIC@shared?$AA@ 10010e0c     task.obj
 0002:00000e13       ??_C@_00CNPNBAHC@?$AA@     10010e13     task.obj
 0002:00000e14       ??_C@_05CDGBNGHP@Intel?$AA@ 10010e14     task.obj
 0002:00000e1c       ??_C@_07DLHCIBDH@default?$AA@ 10010e1c     task.obj
 0002:00000e24       ??_C@_09OCGIJDP@SCHEDULER?$AA@ 10010e24     task.obj
 0002:00000e30       ??_C@_0FB@DPLJOKIH@warning?5from?5TBB?3?5make_server?5fa@ 10010e30     task.obj
 0002:00000e84       ??_C@_0BH@IFIKJPDO@Unidentified?5exception?$AA@ 10010e84     task.obj
 0002:00000e9c       ??_C@_03KHICJKCI@?4?4?4?$AA@ 10010e9c     task.obj
 0002:00000ea4       ??_7scheduler@internal@tbb@@6B@ 10010ea4     task.obj
 0002:00000eb8       ??_7tbb_exception@tbb@@6B@ 10010eb8     task.obj
 0002:00000ed4       ??_7empty_task@tbb@@6B@    10010ed4     task.obj
 0002:00000ee4       ??_7captured_exception@tbb@@6B@ 10010ee4     task.obj
 0002:00000f00       ??_7GenericScheduler@internal@tbb@@6B@ 10010f00     task.obj
 0002:00000f14       ??_7UnpaddedArenaPrefix@internal@tbb@@6B@ 10010f14     task.obj
 0002:00000f38       ??_7ArenaPrefix@internal@tbb@@6B@ 10010f38     task.obj
 0002:00000f5c       ??_7?$CustomScheduler@UDefaultSchedulerTraits@internal@tbb@@@internal@tbb@@6B@ 10010f5c     task.obj
 0002:00000f70       ??_7?$CustomScheduler@UIntelSchedulerTraits@internal@tbb@@@internal@tbb@@6B@ 10010f70     task.obj
 0002:00000f80       ??_C@_0CL@PHAMFLPE@Assertion?5?$CFs?5failed?5on?5line?5?$CFd?5o@ 10010f80     tbb_misc.obj
 0002:00000fac       ??_C@_0BK@GNEKDGNN@Detailed?5description?3?5?$CFs?6?$AA@ 10010fac     tbb_misc.obj
 0002:00000fc8       ??_C@_0BB@IDICOHEL@TBB?5Warning?3?5?$CFs?6?$AA@ 10010fc8     tbb_misc.obj
 0002:00000fdc       ??_C@_04PFAOODAA@?$CFs?3?5?$AA@ 10010fdc     tbb_misc.obj
 0002:00000fe4       ??_C@_01GBGANLPD@0?$AA@    10010fe4     tbb_misc.obj
 0002:00000fe8       ??_C@_03CLIFMMDP@TBB?$AA@  10010fe8     tbb_misc.obj
 0002:00000fec       ??_C@_0L@BKDDBBKN@?$CFs?3?5?$CFs?7?$CFs?6?$AA@ 10010fec     tbb_misc.obj
 0002:00000ff8       ??_C@_0BA@HNJHLFML@__beginthreadex?$AA@ 10010ff8     tbb_thread.obj
 0002:00001008       __real@41efffffffe00000    10011008      CIL library: CIL module
 0002:00001010       __real@408f400000000000    10011010      CIL library: CIL module
 0002:0000107c       ??_R4type_info@@6B@        1001107c     MSVCRT:ti_inst.obj
 0002:00001090       ??_R3type_info@@8          10011090     MSVCRT:ti_inst.obj
 0002:000010a0       ??_R2type_info@@8          100110a0     MSVCRT:ti_inst.obj
 0002:000010a8       ??_R1A@?0A@EA@type_info@@8 100110a8     MSVCRT:ti_inst.obj
 0002:000010c4       ??_R4bad_alloc@std@@6B@    100110c4     cache_aligned_allocator.obj
 0002:000010d8       ??_R3bad_alloc@std@@8      100110d8     cache_aligned_allocator.obj
 0002:000010e8       ??_R2bad_alloc@std@@8      100110e8     cache_aligned_allocator.obj
 0002:000010f4       ??_R1A@?0A@EA@exception@std@@8 100110f4     cache_aligned_allocator.obj
 0002:00001110       ??_R3exception@std@@8      10011110     cache_aligned_allocator.obj
 0002:00001120       ??_R2exception@std@@8      10011120     cache_aligned_allocator.obj
 0002:00001128       ??_R1A@?0A@EA@bad_alloc@std@@8 10011128     cache_aligned_allocator.obj
 0002:00001144       ??_R4concurrent_queue_base_v3@internal@tbb@@6B@ 10011144     concurrent_queue.obj
 0002:00001158       ??_R3concurrent_queue_base_v3@internal@tbb@@8 10011158     concurrent_queue.obj
 0002:00001168       ??_R2concurrent_queue_base_v3@internal@tbb@@8 10011168     concurrent_queue.obj
 0002:00001178       ??_R13?0A@EN@no_assign@internal@tbb@@8 10011178     concurrent_queue.obj
 0002:00001194       ??_R13?0A@EN@no_copy@internal@tbb@@8 10011194     concurrent_queue.obj
 0002:000011b0       ??_R3no_copy@internal@tbb@@8 100111b0     concurrent_queue.obj
 0002:000011c0       ??_R2no_copy@internal@tbb@@8 100111c0     concurrent_queue.obj
 0002:000011cc       ??_R1A@?0A@EN@no_assign@internal@tbb@@8 100111cc     concurrent_queue.obj
 0002:000011e8       ??_R3no_assign@internal@tbb@@8 100111e8     concurrent_queue.obj
 0002:000011f8       ??_R2no_assign@internal@tbb@@8 100111f8     concurrent_queue.obj
 0002:00001200       ??_R1A@?0A@EA@no_assign@internal@tbb@@8 10011200     concurrent_queue.obj
 0002:0000121c       ??_R1A@?0A@EA@no_copy@internal@tbb@@8 1001121c     concurrent_queue.obj
 0002:00001238       ??_R1A@?0A@EA@concurrent_queue_base_v3@internal@tbb@@8 10011238     concurrent_queue.obj
 0002:00001254       ??_R4bad_last_alloc@tbb@@6B@ 10011254     concurrent_queue.obj
 0002:00001268       ??_R3bad_last_alloc@tbb@@8 10011268     concurrent_queue.obj
 0002:00001278       ??_R2bad_last_alloc@tbb@@8 10011278     concurrent_queue.obj
 0002:00001288       ??_R1A@?0A@EA@bad_last_alloc@tbb@@8 10011288     concurrent_queue.obj
 0002:000012a4       ??_R4concurrent_queue_base@internal@tbb@@6B@ 100112a4     concurrent_queue_v2.obj
 0002:000012b8       ??_R3concurrent_queue_base@internal@tbb@@8 100112b8     concurrent_queue_v2.obj
 0002:000012c8       ??_R2concurrent_queue_base@internal@tbb@@8 100112c8     concurrent_queue_v2.obj
 0002:000012d8       ??_R1A@?0A@EA@concurrent_queue_base@internal@tbb@@8 100112d8     concurrent_queue_v2.obj
 0002:000012f4       ??_R4range_error@std@@6B@  100112f4     concurrent_vector.obj
 0002:00001308       ??_R3range_error@std@@8    10011308     concurrent_vector.obj
 0002:00001318       ??_R2range_error@std@@8    10011318     concurrent_vector.obj
 0002:00001328       ??_R1A@?0A@EA@range_error@std@@8 10011328     concurrent_vector.obj
 0002:00001344       ??_R4runtime_error@std@@6B@ 10011344     concurrent_vector.obj
 0002:00001358       ??_R3runtime_error@std@@8  10011358     concurrent_vector.obj
 0002:00001368       ??_R2runtime_error@std@@8  10011368     concurrent_vector.obj
 0002:00001374       ??_R1A@?0A@EA@runtime_error@std@@8 10011374     concurrent_vector.obj
 0002:00001390       ??_R4out_of_range@std@@6B@ 10011390     concurrent_vector.obj
 0002:000013a4       ??_R3out_of_range@std@@8   100113a4     concurrent_vector.obj
 0002:000013b4       ??_R2out_of_range@std@@8   100113b4     concurrent_vector.obj
 0002:000013c4       ??_R1A@?0A@EA@out_of_range@std@@8 100113c4     concurrent_vector.obj
 0002:000013e0       ??_R4length_error@std@@6B@ 100113e0     concurrent_vector.obj
 0002:000013f4       ??_R3length_error@std@@8   100113f4     concurrent_vector.obj
 0002:00001404       ??_R2length_error@std@@8   10011404     concurrent_vector.obj
 0002:00001414       ??_R1A@?0A@EA@length_error@std@@8 10011414     concurrent_vector.obj
 0002:00001430       ??_R4logic_error@std@@6B@  10011430     concurrent_vector.obj
 0002:00001444       ??_R3logic_error@std@@8    10011444     concurrent_vector.obj
 0002:00001454       ??_R2logic_error@std@@8    10011454     concurrent_vector.obj
 0002:00001460       ??_R1A@?0A@EA@logic_error@std@@8 10011460     concurrent_vector.obj
 0002:0000147c       ??_R4pipeline_root_task@internal@tbb@@6B@ 1001147c     pipeline.obj
 0002:00001490       ??_R3pipeline_root_task@internal@tbb@@8 10011490     pipeline.obj
 0002:000014a0       ??_R2pipeline_root_task@internal@tbb@@8 100114a0     pipeline.obj
 0002:000014b4       ??_R1A@?0A@EA@pipeline_root_task@internal@tbb@@8 100114b4     pipeline.obj
 0002:000014d0       ??_R4stage_task@internal@tbb@@6B@ 100114d0     pipeline.obj
 0002:000014e4       ??_R3stage_task@internal@tbb@@8 100114e4     pipeline.obj
 0002:000014f4       ??_R2stage_task@internal@tbb@@8 100114f4     pipeline.obj
 0002:0000150c       ??_R13?0A@EA@task_info@internal@tbb@@8 1001150c     pipeline.obj
 0002:00001528       ??_R3task_info@internal@tbb@@8 10011528     pipeline.obj
 0002:00001538       ??_R2task_info@internal@tbb@@8 10011538     pipeline.obj
 0002:00001540       ??_R1A@?0A@EA@task_info@internal@tbb@@8 10011540     pipeline.obj
 0002:0000155c       ??_R1A@?0A@EA@stage_task@internal@tbb@@8 1001155c     pipeline.obj
 0002:00001578       ??_R4filter@tbb@@6B@       10011578     pipeline.obj
 0002:0000158c       ??_R3filter@tbb@@8         1001158c     pipeline.obj
 0002:0000159c       ??_R2filter@tbb@@8         1001159c     pipeline.obj
 0002:000015ac       ??_R1A@?0A@EA@filter@tbb@@8 100115ac     pipeline.obj
 0002:000015c8       ??_R4pipeline@tbb@@6B@     100115c8     pipeline.obj
 0002:000015dc       ??_R3pipeline@tbb@@8       100115dc     pipeline.obj
 0002:000015ec       ??_R2pipeline@tbb@@8       100115ec     pipeline.obj
 0002:000015f4       ??_R1A@?0A@EA@pipeline@tbb@@8 100115f4     pipeline.obj
 0002:00001610       ??_R4task@tbb@@6B@         10011610     pipeline.obj
 0002:00001624       ??_R3task@tbb@@8           10011624     pipeline.obj
 0002:00001634       ??_R2task@tbb@@8           10011634     pipeline.obj
 0002:00001644       ??_R1A@?0A@EA@task@tbb@@8  10011644     pipeline.obj
 0002:00001660       ??_R4private_server@rml@internal@tbb@@6B@ 10011660     private_server.obj
 0002:00001674       ??_R3private_server@rml@internal@tbb@@8 10011674     private_server.obj
 0002:00001684       ??_R2private_server@rml@internal@tbb@@8 10011684     private_server.obj
 0002:000016a0       ??_R1A@?0A@EA@private_server@rml@internal@tbb@@8 100116a0     private_server.obj
 0002:000016bc       ??_R3tbb_server@rml@internal@tbb@@8 100116bc     private_server.obj
 0002:000016cc       ??_R2tbb_server@rml@internal@tbb@@8 100116cc     private_server.obj
 0002:000016dc       ??_R1A@?0A@EA@tbb_server@rml@internal@tbb@@8 100116dc     private_server.obj
 0002:000016f8       ??_R3server@rml@@8         100116f8     private_server.obj
 0002:00001708       ??_R2server@rml@@8         10011708     private_server.obj
 0002:00001714       ??_R1A@?0A@EA@versioned_object@rml@@8 10011714     private_server.obj
 0002:00001730       ??_R3versioned_object@rml@@8 10011730     private_server.obj
 0002:00001740       ??_R2versioned_object@rml@@8 10011740     private_server.obj
 0002:00001748       ??_R1A@?0A@EA@server@rml@@8 10011748     private_server.obj
 0002:00001764       ??_R4?$CustomScheduler@UIntelSchedulerTraits@internal@tbb@@@internal@tbb@@6B@ 10011764     task.obj
 0002:00001778       ??_R3?$CustomScheduler@UIntelSchedulerTraits@internal@tbb@@@internal@tbb@@8 10011778     task.obj
[...]
 0001:0000275b       __catch$?internal_reserve@concurrent_vector_base_v3@internal@tbb@@IAEXIII@Z$0 1000375b f    CIL library: CIL module
 0001:000033c3       __catch$?internal_compact@concurrent_vector_base_v3@internal@tbb@@IAEPAXIPAXP6AX0I@ZP6AX0PBXI@Z@Z$0 100043c3 f    CIL library: CIL module
 0001:000042a0       ___itt_pause_init          100052a0 f    CIL library: CIL module
 0001:00004300       ___itt_resume_init         10005300 f    CIL library: CIL module
 0001:00004360       ___itt_markA_init          10005360 f    CIL library: CIL module
 0001:000043c0       ___itt_markW_init          100053c0 f    CIL library: CIL module
 0001:00004420       ___itt_mark_globalA_init   10005420 f    CIL library: CIL module
 0001:00004480       ___itt_mark_globalW_init   10005480 f    CIL library: CIL module
 0001:000044e0       ___itt_thread_set_nameA_init 100054e0 f    CIL library: CIL module
 0001:00004540       ___itt_thread_set_nameW_init 10005540 f    CIL library: CIL module
 0001:000045a0       ___itt_sync_createA_init   100055a0 f    CIL library: CIL module
 0001:00004600       ___itt_sync_createW_init   10005600 f    CIL library: CIL module
 0001:00004660       ___itt_sync_renameA_init   10005660 f    CIL library: CIL module
 0001:000046c0       ___itt_sync_renameW_init   100056c0 f    CIL library: CIL module
 0001:00004720       ___itt_sync_destroy_init   10005720 f    CIL library: CIL module
 0001:00004780       ___itt_mark_off_init       10005780 f    CIL library: CIL module
 0001:000047e0       ___itt_mark_global_off_init 100057e0 f    CIL library: CIL module
 0001:00004840       ___itt_thread_ignore_init  10005840 f    CIL library: CIL module
 0001:000048a0       ___itt_sync_prepare_init   100058a0 f    CIL library: CIL module
 0001:00004900       ___itt_sync_cancel_init    10005900 f    CIL library: CIL module
 0001:00004960       ___itt_sync_acquired_init  10005960 f    CIL library: CIL module
 0001:000049c0       ___itt_sync_releasing_init 100059c0 f    CIL library: CIL module
 0001:00004a20       ___itt_sync_released_init  10005a20 f    CIL library: CIL module
 0001:00004a80       ___itt_memory_read_init    10005a80 f    CIL library: CIL module
 0001:00004ae0       ___itt_memory_write_init   10005ae0 f    CIL library: CIL module
 0001:00004b40       ___itt_memory_update_init  10005b40 f    CIL library: CIL module
 0001:00004ba0       ___itt_jit_notify_event_init 10005ba0 f    CIL library: CIL module
 0001:00004c00       ___itt_mark_createA_init   10005c00 f    CIL library: CIL module
 0001:00004c60       ___itt_mark_createW_init   10005c60 f    CIL library: CIL module
 0001:00004cc0       ___itt_fsync_prepare_init  10005cc0 f    CIL library: CIL module
 0001:00004d20       ___itt_fsync_cancel_init   10005d20 f    CIL library: CIL module
 0001:00004d80       ___itt_fsync_acquired_init 10005d80 f    CIL library: CIL module
 0001:00004de0       ___itt_fsync_releasing_init 10005de0 f    CIL library: CIL module
 0001:00004e40       ___itt_fsync_released_init 10005e40 f    CIL library: CIL module
 0001:00004ea0       ___itt_notify_sync_prepare_init 10005ea0 f    CIL library: CIL module
 0001:00004f00       ___itt_notify_sync_cancel_init 10005f00 f    CIL library: CIL module
 0001:00004f60       ___itt_notify_sync_acquired_init 10005f60 f    CIL library: CIL module
 0001:00004fc0       ___itt_notify_sync_releasing_init 10005fc0 f    CIL library: CIL module
 0001:00005020       ___itt_notify_cpath_target_init 10006020 f    CIL library: CIL module
 0001:00005080       ___itt_sync_set_nameA_init 10006080 f    CIL library: CIL module
 0001:000050e0       ___itt_sync_set_nameW_init 100060e0 f    CIL library: CIL module
 0001:00005140       ___itt_thr_name_setA_init  10006140 f    CIL library: CIL module
 0001:000051a0       ___itt_thr_name_setW_init  100061a0 f    CIL library: CIL module
 0001:00005200       ___itt_event_createA_init  10006200 f    CIL library: CIL module
 0001:00005260       ___itt_event_createW_init  10006260 f    CIL library: CIL module
 0001:000052c0       ___itt_thr_ignore_init     100062c0 f    CIL library: CIL module
 0001:00005320       ___itt_event_start_init    10006320 f    CIL library: CIL module
 0001:00005380       ___itt_event_end_init      10006380 f    CIL library: CIL module
 0001:000053e0       ___itt_state_get_init      100063e0 f    CIL library: CIL module
 0001:00005440       ___itt_state_set_init      10006440 f    CIL library: CIL module
 0001:000054a0       ___itt_obj_mode_set_init   100064a0 f    CIL library: CIL module
 0001:00005500       ___itt_thr_mode_set_init   10006500 f    CIL library: CIL module
 0001:00005560       ___itt_api_version_init    10006560 f    CIL library: CIL module
 0001:000055c0       ___itt_jit_get_new_method_id_init 100065c0 f    CIL library: CIL module
 0001:00005620       ___itt_fsplit              10006620 f    CIL library: CIL module
 0001:000056e0       ___itt_get_lib_name        100066e0 f    CIL library: CIL module
 0001:00005740       ___itt_get_groups          10006740 f    CIL library: CIL module
 0001:00005950       ___itt_init_lib            10006950 f    CIL library: CIL module
 0001:0000b694       __catch$?register_pending_exception@task_group_context@tbb@@QAEXXZ$0 1000c694 f    CIL library: CIL module
 0001:0000b6ca       __catch$?register_pending_exception@task_group_context@tbb@@QAEXXZ$1 1000c6ca f    CIL library: CIL module
 0001:0000b722       __catch$?register_pending_exception@task_group_context@tbb@@QAEXXZ$2 1000c722 f    CIL library: CIL module
 0001:0000bc79       __catch$?process_list@observer_proxy@internal@tbb@@SAPAV123@PAV123@_N1@Z$2 1000cc79 f    CIL library: CIL module
 0001:0000c40e       __catch$?local_wait_for_all@?$CustomScheduler@UDefaultSchedulerTraits@internal@tbb@@@internal@tbb@@AAEXAAVtask@3@PAV43@@Z$4 1000d40e f i  CIL library: CIL module
 0001:0000c497       __catch$?local_wait_for_all@?$CustomScheduler@UDefaultSchedulerTraits@internal@tbb@@@internal@tbb@@AAEXAAVtask@3@PAV43@@Z$5 1000d497 f i  CIL library: CIL module
 0001:0000c4ed       __catch$?local_wait_for_all@?$CustomScheduler@UDefaultSchedulerTraits@internal@tbb@@@internal@tbb@@AAEXAAVtask@3@PAV43@@Z$6 1000d4ed f i  CIL library: CIL module
 0001:0000c8ca       __catch$?local_wait_for_all@?$CustomScheduler@UIntelSchedulerTraits@internal@tbb@@@internal@tbb@@AAEXAAVtask@3@PAV43@@Z$4 1000d8ca f i  CIL library: CIL module
 0001:0000c92c       __catch$?local_wait_for_all@?$CustomScheduler@UIntelSchedulerTraits@internal@tbb@@@internal@tbb@@AAEXAAVtask@3@PAV43@@Z$5 1000d92c f i  CIL library: CIL module
 0001:0000c97b       __catch$?local_wait_for_all@?$CustomScheduler@UIntelSchedulerTraits@internal@tbb@@@internal@tbb@@AAEXAAVtask@3@PAV43@@Z$6 1000d97b f i  CIL library: CIL module
 0001:0000d3c4       _pre_c_init                1000e3c4 f   MSVCRT:crtdll.obj
 0001:0000d639       ___DllMainCRTStartup       1000e639 f   MSVCRT:crtdll.obj
 0001:0000dcc0       __unwindfunclet$??0runtime_error@std@@QAE@ABV01@@Z$0 1000ecc0 f    CIL library: CIL module
 0001:0000dcc0       __unwindfunclet$??0logic_error@std@@QAE@ABV01@@Z$0 1000ecc0 f    CIL library: CIL module
 0001:0000dcc9       __ehhandler$??0runtime_error@std@@QAE@ABV01@@Z 1000ecc9 f    CIL library: CIL module
 0001:0000dcc9       __ehhandler$??0logic_error@std@@QAE@ABV01@@Z 1000ecc9 f    CIL library: CIL module
 0001:0000dcf0       __unwindfunclet$?handle_win_error@internal@tbb@@YAXH@Z$0 1000ecf0 f    CIL library: CIL module
 0001:0000dcf9       __unwindfunclet$?handle_win_error@internal@tbb@@YAXH@Z$1 1000ecf9 f    CIL library: CIL module
 0001:0000dd02       __ehhandler$?handle_win_error@internal@tbb@@YAXH@Z 1000ed02 f    CIL library: CIL module
 0001:0000dd30       __unwindfunclet$?handle_perror@internal@tbb@@YAXHPBD@Z$0 1000ed30 f    CIL library: CIL module
 0001:0000dd3c       __unwindfunclet$?handle_perror@internal@tbb@@YAXHPBD@Z$1 1000ed3c f    CIL library: CIL module
 0001:0000dd48       __ehhandler$?handle_perror@internal@tbb@@YAXHPBD@Z 1000ed48 f    CIL library: CIL module
 0001:0000dd80       __unwindfunclet$??1stage_task@internal@tbb@@UAE@XZ$0 1000ed80 f    CIL library: CIL module
 0001:0000dd88       __ehhandler$??1stage_task@internal@tbb@@UAE@XZ 1000ed88 f    CIL library: CIL module
 0001:0000ddb0       __unwindfunclet$?finish_with_arena@Governor@internal@tbb@@SAXXZ$0 1000edb0 f    CIL library: CIL module
 0001:0000ddb8       __ehhandler$?finish_with_arena@Governor@internal@tbb@@SAXXZ 1000edb8 f    CIL library: CIL module
 0001:0000dde0       __unwindfunclet$?internal_throw_exception@concurrent_vector_base_v3@internal@tbb@@IBEXI@Z$2 1000ede0 f    CIL library: CIL module
 0001:0000dde9       __unwindfunclet$?internal_throw_exception@concurrent_vector_base_v3@internal@tbb@@IBEXI@Z$10 1000ede9 f    CIL library: CIL module
 0001:0000ddf5       __unwindfunclet$?internal_throw_exception@concurrent_vector_base_v3@internal@tbb@@IBEXI@Z$1 1000edf5 f    CIL library: CIL module
 0001:0000ddfe       __unwindfunclet$?internal_throw_exception@concurrent_vector_base_v3@internal@tbb@@IBEXI@Z$7 1000edfe f    CIL library: CIL module
 0001:0000de0a       __unwindfunclet$?internal_throw_exception@concurrent_vector_base_v3@internal@tbb@@IBEXI@Z$0 1000ee0a f    CIL library: CIL module
 0001:0000de13       __unwindfunclet$?internal_throw_exception@concurrent_vector_base_v3@internal@tbb@@IBEXI@Z$4 1000ee13 f    CIL library: CIL module
 0001:0000de1f       __ehhandler$?internal_throw_exception@concurrent_vector_base_v3@internal@tbb@@IBEXI@Z 1000ee1f f    CIL library: CIL module
 0001:0000de40       __unwindfunclet$??0GenericScheduler@internal@tbb@@IAE@PAVArena@12@@Z$0 1000ee40 f    CIL library: CIL module
 0001:0000de48       __ehhandler$??0GenericScheduler@internal@tbb@@IAE@PAVArena@12@@Z 1000ee48 f    CIL library: CIL module
 0001:0000de70       __unwindfunclet$?add_filter@pipeline@tbb@@QAEXAAVfilter@2@@Z$0 1000ee70 f    CIL library: CIL module
 0001:0000de7b       __unwindfunclet$?add_filter@pipeline@tbb@@QAEXAAVfilter@2@@Z$1 1000ee7b f    CIL library: CIL module
 0001:0000de86       __unwindfunclet$?add_filter@pipeline@tbb@@QAEXAAVfilter@2@@Z$2 1000ee86 f    CIL library: CIL module
 0001:0000de91       __ehhandler$?add_filter@pipeline@tbb@@QAEXAAVfilter@2@@Z 1000ee91 f    CIL library: CIL module
 0001:0000deb0       __unwindfunclet$?internal_reserve@concurrent_vector_base@internal@tbb@@IAEXIII@Z$0 1000eeb0 f    CIL library: CIL module
 0001:0000deb9       __unwindfunclet$?internal_reserve@concurrent_vector_base@internal@tbb@@IAEXIII@Z$2 1000eeb9 f    CIL library: CIL module
 0001:0000dec2       __ehhandler$?internal_reserve@concurrent_vector_base@internal@tbb@@IAEXIII@Z 1000eec2 f    CIL library: CIL module
 0001:0000dee0       __ehhandler$?enable_segment@helper@concurrent_vector_base_v3@internal@tbb@@SAIAAV234@II@Z 1000eee0 f    CIL library: CIL module
 0001:0000df00       __unwindfunclet$?make_private_server@rml@internal@tbb@@YAPAVtbb_server@123@AAVtbb_client@123@@Z$0 1000ef00 f    CIL library: CIL module
 0001:0000df00       __unwindfunclet$?allocate_scheduler@?$CustomScheduler@UIntelSchedulerTraits@internal@tbb@@@internal@tbb@@SAPAVGenericScheduler@23@PAVArena@23@@Z$0 1000ef00 f    CIL library: CIL module
 0001:0000df00       __unwindfunclet$?allocate_scheduler@?$CustomScheduler@UDefaultSchedulerTraits@internal@tbb@@@internal@tbb@@SAPAVGenericScheduler@23@PAVArena@23@@Z$0 1000ef00 f    CIL library: CIL module
 0001:0000df05       __ehhandler$?allocate_scheduler@?$CustomScheduler@UIntelSchedulerTraits@internal@tbb@@@internal@tbb@@SAPAVGenericScheduler@23@PAVArena@23@@Z 1000ef05 f    CIL library: CIL module
 0001:0000df05       __ehhandler$?allocate_scheduler@?$CustomScheduler@UDefaultSchedulerTraits@internal@tbb@@@internal@tbb@@SAPAVGenericScheduler@23@PAVArena@23@@Z 1000ef05 f    CIL library: CIL module
 0001:0000df05       __ehhandler$?make_private_server@rml@internal@tbb@@YAPAVtbb_server@123@AAVtbb_client@123@@Z 1000ef05 f    CIL library: CIL module
 0001:0000df20       __unwindfunclet$?allocate@captured_exception@tbb@@SAPAV12@PBD0@Z$0 1000ef20 f    CIL library: CIL module
 0001:0000df25       __unwindfunclet$?allocate@captured_exception@tbb@@SAPAV12@PBD0@Z$1 1000ef25 f    CIL library: CIL module
 0001:0000df2d       __ehhandler$?allocate@captured_exception@tbb@@SAPAV12@PBD0@Z 1000ef2d f    CIL library: CIL module
 0001:0000df50       __unwindfunclet$?throw_self@captured_exception@tbb@@UAEXXZ$0 1000ef50 f    CIL library: CIL module
 0001:0000df58       __ehhandler$?throw_self@captured_exception@tbb@@UAEXXZ 1000ef58 f    CIL library: CIL module
 0001:0000df80       __unwindfunclet$?put_item@input_buffer@internal@tbb@@QAEXAAUtask_info@23@@Z$0 1000ef80 f    CIL library: CIL module
 0001:0000df80       __unwindfunclet$??$put_token@Vstage_task@internal@tbb@@@input_buffer@internal@tbb@@QAE_NAAVstage_task@12@@Z$0 1000ef80 f    CIL library: CIL module
 0001:0000df88       __ehhandler$??$put_token@Vstage_task@internal@tbb@@@input_buffer@internal@tbb@@QAE_NAAVstage_task@12@@Z 1000ef88 f    CIL library: CIL module
 0001:0000df88       __ehhandler$?put_item@input_buffer@internal@tbb@@QAEXAAUtask_info@23@@Z 1000ef88 f    CIL library: CIL module
 0001:0000dfb0       __unwindfunclet$?return_item@input_buffer@internal@tbb@@QAE_NAAUtask_info@23@_N@Z$0 1000efb0 f    CIL library: CIL module
 0001:0000dfb8       __ehhandler$?return_item@input_buffer@internal@tbb@@QAE_NAAUtask_info@23@_N@Z 1000efb8 f    CIL library: CIL module
 0001:0000dfe0       __unwindfunclet$?internal_compact@concurrent_vector_base_v3@internal@tbb@@IAEPAXIPAXP6AX0I@ZP6AX0PBXI@Z@Z$2 1000efe0 f    CIL library: CIL module
 0001:0000dfe8       __ehhandler$?internal_compact@concurrent_vector_base_v3@internal@tbb@@IAEPAXIPAXP6AX0I@ZP6AX0PBXI@Z@Z 1000efe8 f    CIL library: CIL module
 0001:0000e010       __unwindfunclet$?internal_clear@concurrent_vector_base_v3@internal@tbb@@IAEIP6AXPAXI@Z@Z$0 1000f010 f    CIL library: CIL module
 0001:0000e018       __ehhandler$?internal_clear@concurrent_vector_base_v3@internal@tbb@@IAEIP6AXPAXI@Z@Z 1000f018 f    CIL library: CIL module
 0001:0000e040       __unwindfunclet$?internal_reserve@concurrent_vector_base_v3@internal@tbb@@IAEXIII@Z$2 1000f040 f    CIL library: CIL module
 0001:0000e049       __unwindfunclet$?internal_reserve@concurrent_vector_base_v3@internal@tbb@@IAEXIII@Z$4 1000f049 f    CIL library: CIL module
 0001:0000e052       __ehhandler$?internal_reserve@concurrent_vector_base_v3@internal@tbb@@IAEXIII@Z 1000f052 f    CIL library: CIL module
 0001:0000e070       __unwindfunclet$?push@micro_queue@internal@tbb@@QAEXPBXIAAVconcurrent_queue_base@23@@Z$0 1000f070 f    CIL library: CIL module
 0001:0000e078       __ehhandler$?push@micro_queue@internal@tbb@@QAEXPBXIAAVconcurrent_queue_base@23@@Z 1000f078 f    CIL library: CIL module
 0001:0000e0a0       __ehhandler$?assign@micro_queue@internal@tbb@@QAEAAU123@ABU123@AAVconcurrent_queue_base_v3@23@@Z 1000f0a0 f    CIL library: CIL module
 0001:0000e0c0       __ehhandler$?push@micro_queue@internal@tbb@@QAEXPBXIAAVconcurrent_queue_base_v3@23@@Z 1000f0c0 f    CIL library: CIL module
 0001:0000e0e0       __ehhandler$?process_list@observer_proxy@internal@tbb@@SAPAV123@PAV123@_N1@Z 1000f0e0 f    CIL library: CIL module
 0001:0000e100       __unwindfunclet$?local_spawn@GenericScheduler@internal@tbb@@QAEXAAVtask@3@AAPAV43@@Z$0 1000f100 f    CIL library: CIL module
 0001:0000e10d       __ehhandler$?local_spawn@GenericScheduler@internal@tbb@@QAEXAAVtask@3@AAPAV43@@Z 1000f10d f    CIL library: CIL module
 0001:0000e130       __unwindfunclet$?internal_resize@concurrent_vector_base_v3@internal@tbb@@IAEXIIIPBXP6AXPAXI@ZP6AX10I@Z@Z$0 1000f130 f    CIL library: CIL module
 0001:0000e138       __unwindfunclet$?internal_resize@concurrent_vector_base_v3@internal@tbb@@IAEXIIIPBXP6AXPAXI@ZP6AX10I@Z@Z$1 1000f138 f    CIL library: CIL module
 0001:0000e140       __ehhandler$?internal_resize@concurrent_vector_base_v3@internal@tbb@@IAEXIIIPBXP6AXPAXI@ZP6AX10I@Z@Z 1000f140 f    CIL library: CIL module
 0001:0000e160       __unwindfunclet$?internal_grow@concurrent_vector_base_v3@internal@tbb@@IAEXIIIP6AXPAXPBXI@Z1@Z$0 1000f160 f    CIL library: CIL module
 0001:0000e168       __ehhandler$?internal_grow@concurrent_vector_base_v3@internal@tbb@@IAEXIIIP6AXPAXPBXI@Z1@Z 1000f168 f    CIL library: CIL module
 0001:0000e190       __unwindfunclet$?pop@micro_queue@internal@tbb@@QAE_NPAXIAAVconcurrent_queue_base@23@@Z$0 1000f190 f    CIL library: CIL module
 0001:0000e198       __ehhandler$?pop@micro_queue@internal@tbb@@QAE_NPAXIAAVconcurrent_queue_base@23@@Z 1000f198 f    CIL library: CIL module
 0001:0000e1c0       __unwindfunclet$?pop@micro_queue@internal@tbb@@QAE_NPAXIAAVconcurrent_queue_base_v3@23@@Z$0 1000f1c0 f    CIL library: CIL module
 0001:0000e1c8       __ehhandler$?pop@micro_queue@internal@tbb@@QAE_NPAXIAAVconcurrent_queue_base_v3@23@@Z 1000f1c8 f    CIL library: CIL module
 0001:0000e1f0       __unwindfunclet$?create_master@GenericScheduler@internal@tbb@@CAPAV123@PAVArena@23@@Z$0 1000f1f0 f    CIL library: CIL module
 0001:0000e1f5       __ehhandler$?create_master@GenericScheduler@internal@tbb@@CAPAV123@PAVArena@23@@Z 1000f1f5 f    CIL library: CIL module
 0001:0000e210       __unwindfunclet$?local_spawn_root_and_wait@GenericScheduler@internal@tbb@@QAEXAAVtask@3@AAPAV43@@Z$0 1000f210 f    CIL library: CIL module
 0001:0000e218       __ehhandler$?local_spawn_root_and_wait@GenericScheduler@internal@tbb@@QAEXAAVtask@3@AAPAV43@@Z 1000f218 f    CIL library: CIL module
 0001:0000e240       __unwindfunclet$?obtain_arena@Governor@internal@tbb@@CAPAVArena@23@HI@Z$0 1000f240 f    CIL library: CIL module
 0001:0000e248       __ehhandler$?obtain_arena@Governor@internal@tbb@@CAPAVArena@23@HI@Z 1000f248 f    CIL library: CIL module
 0001:0000e270       __unwindfunclet$?observe@task_scheduler_observer_v3@internal@tbb@@QAEX_N@Z$0 1000f270 f    CIL library: CIL module
 0001:0000e27b       __ehhandler$?observe@task_scheduler_observer_v3@internal@tbb@@QAEX_N@Z 1000f27b f    CIL library: CIL module
 0001:0000e2a0       __ehhandler$?local_wait_for_all@?$CustomScheduler@UIntelSchedulerTraits@internal@tbb@@@internal@tbb@@AAEXAAVtask@3@PAV43@@Z 1000f2a0 f    CIL library: CIL module
 0001:0000e2c0       __ehhandler$?local_wait_for_all@?$CustomScheduler@UDefaultSchedulerTraits@internal@tbb@@@internal@tbb@@AAEXAAVtask@3@PAV43@@Z 1000f2c0 f    CIL library: CIL module
 0001:0000e2e0       __ehhandler$?register_pending_exception@task_group_context@tbb@@QAEXXZ 1000f2e0 f    CIL library: CIL module
 0001:0000e300       __unwindfunclet$?run@pipeline@tbb@@QAEXIAAVtask_group_context@2@@Z$0 1000f300 f    CIL library: CIL module
 0001:0000e308       __ehhandler$?run@pipeline@tbb@@QAEXIAAVtask_group_context@2@@Z 1000f308 f    CIL library: CIL module
 0001:0000e330       __unwindfunclet$??$note_done@Vstage_task@internal@tbb@@@input_buffer@internal@tbb@@QAEXKAAVstage_task@12@@Z$0 1000f330 f    CIL library: CIL module
 0001:0000e338       __ehhandler$??$note_done@Vstage_task@internal@tbb@@@input_buffer@internal@tbb@@QAEXKAAVstage_task@12@@Z 1000f338 f    CIL library: CIL module
 0001:0000e360       __unwindfunclet$?run@pipeline@tbb@@QAEXI@Z$0 1000f360 f    CIL library: CIL module
 0001:0000e36b       __ehhandler$?run@pipeline@tbb@@QAEXI@Z 1000f36b f    CIL library: CIL module
 0001:0000e3a0       ??__E?theArenaMutex@Governor@internal@tbb@@0Vmutex@3@A@@YAXXZ 1000f3a0 f    CIL library: CIL module
 0001:0000e3c0       ??__Ethe_scheduler_list_mutex@internal@tbb@@YAXXZ 1000f3c0 f    CIL library: CIL module
 0001:0000e3e0       ??__Edummy_context@internal@tbb@@YAXXZ 1000f3e0 f    CIL library: CIL module
 0001:0000e3f0       ??__F?theArenaMutex@Governor@internal@tbb@@0Vmutex@3@A@@YAXXZ 1000f3f0 f    CIL library: CIL module
 0001:0000e400       ??__Fthe_scheduler_list_mutex@internal@tbb@@YAXXZ 1000f400 f    CIL library: CIL module
 0001:0000e410       ??__Fdummy_context@internal@tbb@@YAXXZ 1000f410 f    CIL library: CIL module
