 tbbmalloc

 Timestamp is 4ce50cf1 (Thu Nov 18 06:24:33 2010)

 Preferred load address is 10000000

 Start         Length     Name                   Class
 0001:00000000 00002b0cH .text                   CODE
 0002:00000000 000000bcH .idata$5                DATA
 0002:000000bc 00000004H .CRT$XCA                DATA
 0002:000000c0 00000004H .CRT$XCZ                DATA
 0002:000000c4 00000004H .CRT$XIA                DATA
 0002:000000c8 00000004H .CRT$XIAA               DATA
 0002:000000cc 00000004H .CRT$XIZ                DATA
 0002:000000d0 00000584H .rdata                  DATA
 0002:00000654 00000067H .rdata$debug            DATA
 0002:000006bc 00000004H .rtc$IAA                DATA
 0002:000006c0 00000004H .rtc$IZZ                DATA
 0002:000006c4 00000004H .rtc$TAA                DATA
 0002:000006c8 00000004H .rtc$TZZ                DATA
 0002:000006d0 00000084H .xdata$x                DATA
 0002:00000754 00000028H .idata$2                DATA
 0002:0000077c 00000014H .idata$3                DATA
 0002:00000790 000000bcH .idata$4                DATA
 0002:0000084c 00000320H .idata$6                DATA
 0002:00000b70 000001c4H .edata                  DATA
 0003:00000000 000003d0H .data                   DATA
 0003:000003d0 00007490H .bss                    DATA
 0004:00000000 00000058H .rsrc$01                DATA
 0004:00000060 00000530H .rsrc$02                DATA

  Address         Publics by Value              Rva+Base       Lib:Object

 0000:00000000       ___safe_se_handler_table   00000000     <absolute>
 0000:00000000       ___safe_se_handler_count   00000000     <absolute>
 0000:00000000       __except_list              00000000     <absolute>
 0000:00009876       __ldused                   00009876     <absolute>
 0000:00009876       __fltused                  00009876     <absolute>
 0000:00000000       ___ImageBase               10000000     <linker-defined>
 0001:00000810       ?__TBB_LockByte@@YAIAAE@Z  10001810 f i MemoryAllocator.obj
 0001:00000f80       ?releaseLastIfOld@CachedObjectsList@internal@rml@@QAEXII@Z 10001f80 f   MemoryAllocator.obj
 0001:000014d0       ___TBB_mallocThreadShutdownNotification 100024d0 f   MemoryAllocator.obj
 0001:000016d0       _scalable_malloc           100026d0 f   MemoryAllocator.obj
 0001:00001920       _scalable_free             10002920 f   MemoryAllocator.obj
 0001:000019f0       _safer_scalable_free       100029f0 f   MemoryAllocator.obj
 0001:00001a50       _scalable_realloc          10002a50 f   MemoryAllocator.obj
 0001:00001af0       _safer_scalable_realloc    10002af0 f   MemoryAllocator.obj
 0001:00001c40       _scalable_calloc           10002c40 f   MemoryAllocator.obj
 0001:00001c70       _scalable_posix_memalign   10002c70 f   MemoryAllocator.obj
 0001:00001cb0       _scalable_aligned_malloc   10002cb0 f   MemoryAllocator.obj
 0001:00001d00       _scalable_aligned_realloc  10002d00 f   MemoryAllocator.obj
 0001:00001d60       _safer_scalable_aligned_realloc 10002d60 f   MemoryAllocator.obj
 0001:00001e80       _scalable_aligned_free     10002e80 f   MemoryAllocator.obj
 0001:00001e90       _scalable_msize            10002e90 f   MemoryAllocator.obj
 0001:00001ef0       _safer_scalable_msize      10002ef0 f   MemoryAllocator.obj
 0001:00002080       ___TBB_machine_store8_slow 10003080 f   tbb_misc.obj
 0001:00002100       _DllMain@12                10003100 f   tbbmalloc.obj
 0001:00002120       ___TBB_machine_fetchadd1   10003120     atomic_support.obj
 0001:00002130       ___TBB_machine_fetchstore1 10003130     atomic_support.obj
 0001:0000213c       ___TBB_machine_cmpswp1     1000313c     atomic_support.obj
 0001:00002150       ___TBB_machine_fetchadd2   10003150     atomic_support.obj
 0001:00002160       ___TBB_machine_fetchstore2 10003160     atomic_support.obj
 0001:00002170       ___TBB_machine_cmpswp2     10003170     atomic_support.obj
 0001:00002184       ___TBB_machine_fetchadd4   10003184     atomic_support.obj
 0001:00002194       ___TBB_machine_fetchstore4 10003194     atomic_support.obj
 0001:000021a0       ___TBB_machine_cmpswp4     100031a0     atomic_support.obj
 0001:000021b4       ___TBB_machine_fetchadd8   100031b4     atomic_support.obj
 0001:000021d4       ___TBB_machine_fetchstore8 100031d4     atomic_support.obj
 0001:000021f0       ___TBB_machine_cmpswp8     100031f0     atomic_support.obj
 0001:00002210       ___TBB_machine_load8       10003210     atomic_support.obj
 0001:00002244       ___TBB_machine_store8      10003244     atomic_support.obj
 0001:00002260       ___TBB_machine_trylockbyte 10003260     lock_byte.obj
 0001:0000227b       @__security_check_cookie@4 1000327b f   MSVCRT:secchk.obj
 0001:000022d9       __CRT_INIT@12              100032d9 f   MSVCRT:crtdll.obj
 0001:00002615       __DllMainCRTStartup@12     10003615 f   MSVCRT:crtdll.obj
 0001:00002638       ___report_gsfailure        10003638 f   MSVCRT:gs_report.obj
 0001:0000273e       ___clean_type_info_names   1000373e f   MSVCRT:tncleanup.obj
 0001:0000274a       __onexit                   1000374a f   MSVCRT:atonexit.obj
 0001:000027ef       _atexit                    100037ef f   MSVCRT:atonexit.obj
 0001:00002806       __RTC_Initialize           10003806 f   MSVCRT:_initsect_.obj
 0001:0000282c       __RTC_Terminate            1000382c f   MSVCRT:_initsect_.obj
 0001:00002860       __ValidateImageBase        10003860 f   MSVCRT:pesect.obj
 0001:000028a0       __FindPESection            100038a0 f   MSVCRT:pesect.obj
 0001:000028f0       __IsNonwritableInCurrentImage 100038f0 f   MSVCRT:pesect.obj
 0001:000029ae       __initterm                 100039ae f   MSVCRT:MSVCR90.dll
 0001:000029b4       __initterm_e               100039b4 f   MSVCRT:MSVCR90.dll
 0001:000029ba       __amsg_exit                100039ba f   MSVCRT:MSVCR90.dll
 0001:000029c0       ___CppXcptFilter           100039c0 f   MSVCRT:MSVCR90.dll
 0001:000029c8       __SEH_prolog4              100039c8 f   MSVCRT:sehprolg4.obj
 0001:00002a0d       __SEH_epilog4              10003a0d f   MSVCRT:sehprolg4.obj
 0001:00002a21       __except_handler4          10003a21 f   MSVCRT:chandler4gs.obj
 0001:00002a46       ___security_init_cookie    10003a46 f   MSVCRT:gs_support.obj
 0001:00002adc       __crt_debugger_hook        10003adc f   MSVCRT:MSVCR90.dll
 0001:00002ae2       ___clean_type_info_names_internal 10003ae2 f   MSVCRT:MSVCR90.dll
 0001:00002ae8       __unlock                   10003ae8 f   MSVCRT:MSVCR90.dll
 0001:00002aee       ___dllonexit               10003aee f   MSVCRT:MSVCR90.dll
 0001:00002af4       __lock                     10003af4 f   MSVCRT:MSVCR90.dll
 0001:00002afa       __except_handler4_common   10003afa f   MSVCRT:MSVCR90.dll
 0001:00002b00       _memset                    10003b00 f   MSVCRT:MSVCR90.dll
 0001:00002b06       _memcpy                    10003b06 f   MSVCRT:MSVCR90.dll
 0002:00000000       __imp__GetProcAddress@8    10004000     kernel32:KERNEL32.dll
 0002:00000004       __imp__LoadLibraryA@4      10004004     kernel32:KERNEL32.dll
 0002:00000008       __imp__GetEnvironmentVariableA@12 10004008     kernel32:KERNEL32.dll
 0002:0000000c       __imp__TlsGetValue@4       1000400c     kernel32:KERNEL32.dll
 0002:00000010       __imp__VirtualFree@12      10004010     kernel32:KERNEL32.dll
 0002:00000014       __imp__TlsSetValue@8       10004014     kernel32:KERNEL32.dll
 0002:00000018       __imp__VirtualAlloc@16     10004018     kernel32:KERNEL32.dll
 0002:0000001c       __imp__TlsAlloc@0          1000401c     kernel32:KERNEL32.dll
 0002:00000020       __imp__SwitchToThread@0    10004020     kernel32:KERNEL32.dll
 0002:00000024       __imp__GetCurrentProcessId@0 10004024     kernel32:KERNEL32.dll
 0002:00000028       __imp__GetCurrentThreadId@0 10004028     kernel32:KERNEL32.dll
 0002:0000002c       __imp__GetTickCount@0      1000402c     kernel32:KERNEL32.dll
 0002:00000030       __imp__QueryPerformanceCounter@4 10004030     kernel32:KERNEL32.dll
 0002:00000034       __imp__IsDebuggerPresent@0 10004034     kernel32:KERNEL32.dll
 0002:00000038       __imp__SetUnhandledExceptionFilter@4 10004038     kernel32:KERNEL32.dll
 0002:0000003c       __imp__UnhandledExceptionFilter@4 1000403c     kernel32:KERNEL32.dll
 0002:00000040       __imp__GetCurrentProcess@0 10004040     kernel32:KERNEL32.dll
 0002:00000044       __imp__TerminateProcess@8  10004044     kernel32:KERNEL32.dll
 0002:00000048       __imp__InterlockedCompareExchange@12 10004048     kernel32:KERNEL32.dll
 0002:0000004c       __imp__Sleep@4             1000404c     kernel32:KERNEL32.dll
 0002:00000050       __imp__InterlockedExchange@8 10004050     kernel32:KERNEL32.dll
 0002:00000054       __imp__GetSystemTimeAsFileTime@4 10004054     kernel32:KERNEL32.dll
 0002:00000058       \177KERNEL32_NULL_THUNK_DATA 10004058     kernel32:KERNEL32.dll
 0002:0000005c       __imp___encoded_null       1000405c     MSVCRT:MSVCR90.dll
 0002:00000060       __imp___initterm           10004060     MSVCRT:MSVCR90.dll
 0002:00000064       __imp___initterm_e         10004064     MSVCRT:MSVCR90.dll
 0002:00000068       __imp___amsg_exit          10004068     MSVCRT:MSVCR90.dll
 0002:0000006c       __imp___adjust_fdiv        1000406c     MSVCRT:MSVCR90.dll
 0002:00000070       __imp____CppXcptFilter     10004070     MSVCRT:MSVCR90.dll
 0002:00000074       __imp___crt_debugger_hook  10004074     MSVCRT:MSVCR90.dll
 0002:00000078       __imp____clean_type_info_names_internal 10004078     MSVCRT:MSVCR90.dll
 0002:0000007c       __imp___unlock             1000407c     MSVCRT:MSVCR90.dll
 0002:00000080       __imp____dllonexit         10004080     MSVCRT:MSVCR90.dll
 0002:00000084       __imp___lock               10004084     MSVCRT:MSVCR90.dll
 0002:00000088       __imp___onexit             10004088     MSVCRT:MSVCR90.dll
 0002:0000008c       __imp___except_handler4_common 1000408c     MSVCRT:MSVCR90.dll
 0002:00000090       __imp__free                10004090     MSVCRT:MSVCR90.dll
 0002:00000094       __imp___malloc_crt         10004094     MSVCRT:MSVCR90.dll
 0002:00000098       __imp___encode_pointer     10004098     MSVCRT:MSVCR90.dll
 0002:0000009c       __imp__exit                1000409c     MSVCRT:MSVCR90.dll
 0002:000000a0       __imp__fprintf             100040a0     MSVCRT:MSVCR90.dll
 0002:000000a4       __imp___errno              100040a4     MSVCRT:MSVCR90.dll
 0002:000000a8       __imp____iob_func          100040a8     MSVCRT:MSVCR90.dll
 0002:000000ac       __imp___decode_pointer     100040ac     MSVCRT:MSVCR90.dll
 0002:000000b0       __imp__memset              100040b0     MSVCRT:MSVCR90.dll
 0002:000000b4       __imp__memcpy              100040b4     MSVCRT:MSVCR90.dll
 0002:000000b8       \177MSVCR90_NULL_THUNK_DATA 100040b8     MSVCRT:MSVCR90.dll
 0002:000000bc       ___xc_a                    100040bc     MSVCRT:cinitexe.obj
 0002:000000c0       ___xc_z                    100040c0     MSVCRT:cinitexe.obj
 0002:000000c4       ___xi_a                    100040c4     MSVCRT:cinitexe.obj
 0002:000000cc       ___xi_z                    100040cc     MSVCRT:cinitexe.obj
 0002:000000ec       __pRawDllMain              100040ec     MSVCRT:crtdll.obj
 0002:000000ec       __pDefaultRawDllMain       100040ec     MSVCRT:crtdll.obj
 0002:000000f8       ??_C@_0BM@MMFMDFCK@__itt_jit_get_new_method_id?$AA@ 100040f8     itt_notify_proxy.obj
 0002:00000114       ??_C@_0BC@LLDNPJMG@__itt_api_version?$AA@ 10004114     itt_notify_proxy.obj
 0002:00000128       ??_C@_0BD@EBCLOJDM@__itt_thr_mode_set?$AA@ 10004128     itt_notify_proxy.obj
 0002:0000013c       ??_C@_0BD@OMOHDNKK@__itt_obj_mode_set?$AA@ 1000413c     itt_notify_proxy.obj
 0002:00000150       ??_C@_0BA@DBMCENKO@__itt_state_set?$AA@ 10004150     itt_notify_proxy.obj
 0002:00000160       ??_C@_0BA@OOLJINGG@__itt_state_get?$AA@ 10004160     itt_notify_proxy.obj
 0002:00000170       ??_C@_0BA@IJAPHNDA@__itt_event_end?$AA@ 10004170     itt_notify_proxy.obj
 0002:00000180       ??_C@_0BC@CFNFCMCG@__itt_event_start?$AA@ 10004180     itt_notify_proxy.obj
 0002:00000194       ??_C@_0BB@NAOEIHEA@__itt_thr_ignore?$AA@ 10004194     itt_notify_proxy.obj
 0002:000001a8       ??_C@_0BE@OJFKKDBP@__itt_event_createW?$AA@ 100041a8     itt_notify_proxy.obj
 0002:000001bc       ??_C@_0BE@PFMCBGMI@__itt_event_createA?$AA@ 100041bc     itt_notify_proxy.obj
 0002:000001d0       ??_C@_0BE@OGGOOHEH@__itt_thr_name_setW?$AA@ 100041d0     itt_notify_proxy.obj
 0002:000001e4       ??_C@_0BE@PKPGFCJA@__itt_thr_name_setA?$AA@ 100041e4     itt_notify_proxy.obj
 0002:000001f8       ??_C@_0BF@MDMGAPCJ@__itt_sync_set_nameW?$AA@ 100041f8     itt_notify_proxy.obj
 0002:00000210       ??_C@_0BF@NPFOLKPO@__itt_sync_set_nameA?$AA@ 10004210     itt_notify_proxy.obj
 0002:00000228       ??_C@_0BK@LHKMCGEO@__itt_notify_cpath_target?$AA@ 10004228     itt_notify_proxy.obj
 0002:00000244       ??_C@_0BM@MDHJMDPI@__itt_notify_sync_releasing?$AA@ 10004244     itt_notify_proxy.obj
 0002:00000260       ??_C@_0BL@ILFPBIOK@__itt_notify_sync_acquired?$AA@ 10004260     itt_notify_proxy.obj
 0002:0000027c       ??_C@_0BJ@DIOKJHB@__itt_notify_sync_cancel?$AA@ 1000427c     itt_notify_proxy.obj
 0002:00000298       ??_C@_0BK@EPNEOEMG@__itt_notify_sync_prepare?$AA@ 10004298     itt_notify_proxy.obj
 0002:000002b4       ??_C@_0BD@OAABEAAN@__itt_mark_createW?$AA@ 100042b4     itt_notify_proxy.obj
 0002:000002c8       ??_C@_0BD@PMJJPFNK@__itt_mark_createA?$AA@ 100042c8     itt_notify_proxy.obj
 0002:000002dc       ??_C@_0BH@BMDJEFLP@__itt_jit_notify_event?$AA@ 100042dc     itt_notify_proxy.obj
 0002:000002f4       ??_C@_0BE@PDNEALBC@__itt_memory_update?$AA@ 100042f4     itt_notify_proxy.obj
 0002:00000308       ??_C@_0BD@NMPEKHPI@__itt_memory_write?$AA@ 10004308     itt_notify_proxy.obj
 0002:0000031c       ??_C@_0BC@FOINABEG@__itt_memory_read?$AA@ 1000431c     itt_notify_proxy.obj
 0002:00000330       ??_C@_0BE@LGGNMGLH@__itt_sync_released?$AA@ 10004330     itt_notify_proxy.obj
 0002:00000344       ??_C@_0BF@DIEOIMOH@__itt_sync_releasing?$AA@ 10004344     itt_notify_proxy.obj
 0002:0000035c       ??_C@_0BE@GIFMGCLF@__itt_sync_acquired?$AA@ 1000435c     itt_notify_proxy.obj
 0002:00000370       ??_C@_0BC@MCENPEOO@__itt_sync_cancel?$AA@ 10004370     itt_notify_proxy.obj
 0002:00000384       ??_C@_0BD@CPKFKJEO@__itt_sync_prepare?$AA@ 10004384     itt_notify_proxy.obj
 0002:00000398       ??_C@_0BE@GBGGMKDN@__itt_thread_ignore?$AA@ 10004398     itt_notify_proxy.obj
 0002:000003ac       ??_C@_0BG@CDJIJGAC@__itt_mark_global_off?$AA@ 100043ac     itt_notify_proxy.obj
 0002:000003c4       ??_C@_0P@CFDOAOOE@__itt_mark_off?$AA@ 100043c4     itt_notify_proxy.obj
 0002:000003d4       ??_C@_0BD@OFAHOGJG@__itt_sync_destroy?$AA@ 100043d4     itt_notify_proxy.obj
 0002:000003e8       ??_C@_0BD@EGHBBMLO@__itt_sync_renameW?$AA@ 100043e8     itt_notify_proxy.obj
 0002:000003fc       ??_C@_0BD@FKOJKJGJ@__itt_sync_renameA?$AA@ 100043fc     itt_notify_proxy.obj
 0002:00000410       ??_C@_0BD@BDMPGHJN@__itt_sync_createW?$AA@ 10004410     itt_notify_proxy.obj
 0002:00000424       ??_C@_0BD@PFHNCEK@__itt_sync_createA?$AA@ 10004424     itt_notify_proxy.obj
 0002:00000438       ??_C@_0BH@BBCLLFLL@__itt_thread_set_nameW?$AA@ 10004438     itt_notify_proxy.obj
 0002:00000450       ??_C@_0BH@NLDAAGM@__itt_thread_set_nameA?$AA@ 10004450     itt_notify_proxy.obj
 0002:00000468       ??_C@_0BD@NNIHGMPA@__itt_mark_globalW?$AA@ 10004468     itt_notify_proxy.obj
 0002:0000047c       ??_C@_0BD@MBBPNJCH@__itt_mark_globalA?$AA@ 1000447c     itt_notify_proxy.obj
 0002:00000490       ??_C@_0M@DMMPKLGE@__itt_markW?$AA@ 10004490     itt_notify_proxy.obj
 0002:0000049c       ??_C@_0M@CAFHBOLD@__itt_markA?$AA@ 1000449c     itt_notify_proxy.obj
 0002:000004a8       ??_C@_0N@PMDEDCGD@__itt_resume?$AA@ 100044a8     itt_notify_proxy.obj
 0002:000004b8       ??_C@_0M@OBBFCECB@__itt_pause?$AA@ 100044b8     itt_notify_proxy.obj
 0002:000004c4       ??_C@_0P@PHKFPIJA@KMP_FOR_TCHECK?$AA@ 100044c4     itt_notify_proxy.obj
 0002:000004d4       ??_C@_0BB@MEEBFJKA@KMP_FOR_TPROFILE?$AA@ 100044d4     itt_notify_proxy.obj
 0002:000004e8       ??_C@_03NFKEKGGK@all?$AA@  100044e8     itt_notify_proxy.obj
 0002:000004ec       ??_C@_03IGHFHLNJ@jit?$AA@  100044ec     itt_notify_proxy.obj
 0002:000004f0       ??_C@_05DEEMBJFM@fsync?$AA@ 100044f0     itt_notify_proxy.obj
 0002:000004f8       ??_C@_04JNABKDKF@sync?$AA@ 100044f8     itt_notify_proxy.obj
 0002:00000500       ??_C@_04KJJCFCK@mark?$AA@  10004500     itt_notify_proxy.obj
 0002:00000508       ??_C@_06FJHNOCKE@thread?$AA@ 10004508     itt_notify_proxy.obj
 0002:00000510       ??_C@_07MMBOFDEG@control?$AA@ 10004510     itt_notify_proxy.obj
 0002:00000518       ??_C@_0BB@GHDLJDEE@libittnotify?4dll?$AA@ 10004518     itt_notify_proxy.obj
 0002:0000052c       ??_C@_0BF@GACDPIDA@INTEL_LIBITTNOTIFY32?$AA@ 1000452c     itt_notify_proxy.obj
 0002:00000544       ??_C@_0BH@BCIELMCH@INTEL_ITTNOTIFY_GROUPS?$AA@ 10004544     itt_notify_proxy.obj
 0002:0000055c       ??_C@_03IJOFBOLG@?0?$DL?5?$AA@ 1000455c     itt_notify_proxy.obj
 0002:00000600       ??_C@_0EM@FEKCKKFG@The?5memory?5manager?5cannot?5access@ 10004600     MemoryAllocator.obj
 0002:0000064c       __real@463e8000            1000464c      CIL library: CIL module
 0002:00000650       __real@4f800000            10004650      CIL library: CIL module
 0002:000006bc       ___rtc_iaa                 100046bc     MSVCRT:_initsect_.obj
 0002:000006c0       ___rtc_izz                 100046c0     MSVCRT:_initsect_.obj
 0002:000006c4       ___rtc_taa                 100046c4     MSVCRT:_initsect_.obj
 0002:000006c8       ___rtc_tzz                 100046c8     MSVCRT:_initsect_.obj
 0002:00000754       __IMPORT_DESCRIPTOR_KERNEL32 10004754     kernel32:KERNEL32.dll
 0002:00000768       __IMPORT_DESCRIPTOR_MSVCR90 10004768     MSVCRT:MSVCR90.dll
 0002:0000077c       __NULL_IMPORT_DESCRIPTOR   1000477c     kernel32:KERNEL32.dll
 0003:00000000       ___security_cookie         10005000     MSVCRT:gs_cookie.obj
 0003:00000004       ___security_cookie_complement 10005004     MSVCRT:gs_cookie.obj
 0003:00000008       ___native_dllmain_reason   10005008     MSVCRT:natstart.obj
 0003:0000000c       ___native_vcclrit_reason   1000500c     MSVCRT:natstart.obj
 0003:0000001c       ___itt_pause_ptr_          1000501c     itt_notify_proxy.obj
 0003:00000020       ___itt_resume_ptr_         10005020     itt_notify_proxy.obj
 0003:00000024       ___itt_markA_ptr_          10005024     itt_notify_proxy.obj
 0003:00000028       ___itt_markW_ptr_          10005028     itt_notify_proxy.obj
 0003:0000002c       ___itt_mark_globalA_ptr_   1000502c     itt_notify_proxy.obj
 0003:00000030       ___itt_mark_globalW_ptr_   10005030     itt_notify_proxy.obj
 0003:00000034       ___itt_thread_set_nameA_ptr_ 10005034     itt_notify_proxy.obj
 0003:00000038       ___itt_thread_set_nameW_ptr_ 10005038     itt_notify_proxy.obj
 0003:0000003c       ___itt_sync_createA_ptr_   1000503c     itt_notify_proxy.obj
 0003:00000040       ___itt_sync_createW_ptr_   10005040     itt_notify_proxy.obj
 0003:00000044       ___itt_sync_renameA_ptr_   10005044     itt_notify_proxy.obj
 0003:00000048       ___itt_sync_renameW_ptr_   10005048     itt_notify_proxy.obj
 0003:0000004c       ___itt_sync_destroy_ptr_   1000504c     itt_notify_proxy.obj
 0003:00000050       ___itt_mark_off_ptr_       10005050     itt_notify_proxy.obj
 0003:00000054       ___itt_mark_global_off_ptr_ 10005054     itt_notify_proxy.obj
 0003:00000058       ___itt_thread_ignore_ptr_  10005058     itt_notify_proxy.obj
 0003:0000005c       ___itt_sync_prepare_ptr_   1000505c     itt_notify_proxy.obj
 0003:00000060       ___itt_sync_cancel_ptr_    10005060     itt_notify_proxy.obj
 0003:00000064       ___itt_sync_acquired_ptr_  10005064     itt_notify_proxy.obj
 0003:00000068       ___itt_sync_releasing_ptr_ 10005068     itt_notify_proxy.obj
 0003:0000006c       ___itt_sync_released_ptr_  1000506c     itt_notify_proxy.obj
 0003:00000070       ___itt_memory_read_ptr_    10005070     itt_notify_proxy.obj
 0003:00000074       ___itt_memory_write_ptr_   10005074     itt_notify_proxy.obj
 0003:00000078       ___itt_memory_update_ptr_  10005078     itt_notify_proxy.obj
 0003:0000007c       ___itt_jit_notify_event_ptr_ 1000507c     itt_notify_proxy.obj
 0003:00000080       ___itt_mark_createA_ptr_   10005080     itt_notify_proxy.obj
 0003:00000084       ___itt_mark_createW_ptr_   10005084     itt_notify_proxy.obj
 0003:00000088       ___itt_fsync_prepare_ptr_  10005088     itt_notify_proxy.obj
 0003:0000008c       ___itt_fsync_cancel_ptr_   1000508c     itt_notify_proxy.obj
 0003:00000090       ___itt_fsync_acquired_ptr_ 10005090     itt_notify_proxy.obj
 0003:00000094       ___itt_fsync_releasing_ptr_ 10005094     itt_notify_proxy.obj
 0003:00000098       ___itt_fsync_released_ptr_ 10005098     itt_notify_proxy.obj
 0003:0000009c       ___itt_notify_sync_prepare_ptr_ 1000509c     itt_notify_proxy.obj
 0003:000000a0       ___itt_notify_sync_cancel_ptr_ 100050a0     itt_notify_proxy.obj
 0003:000000a4       ___itt_notify_sync_acquired_ptr_ 100050a4     itt_notify_proxy.obj
 0003:000000a8       ___itt_notify_sync_releasing_ptr_ 100050a8     itt_notify_proxy.obj
 0003:000000ac       ___itt_notify_cpath_target_ptr_ 100050ac     itt_notify_proxy.obj
 0003:000000b0       ___itt_sync_set_nameA_ptr_ 100050b0     itt_notify_proxy.obj
 0003:000000b4       ___itt_sync_set_nameW_ptr_ 100050b4     itt_notify_proxy.obj
 0003:000000b8       ___itt_thr_name_setA_ptr_  100050b8     itt_notify_proxy.obj
 0003:000000bc       ___itt_thr_name_setW_ptr_  100050bc     itt_notify_proxy.obj
 0003:000000c0       ___itt_event_createA_ptr_  100050c0     itt_notify_proxy.obj
 0003:000000c4       ___itt_event_createW_ptr_  100050c4     itt_notify_proxy.obj
 0003:000000c8       ___itt_thr_ignore_ptr_     100050c8     itt_notify_proxy.obj
 0003:000000cc       ___itt_event_start_ptr_    100050cc     itt_notify_proxy.obj
 0003:000000d0       ___itt_event_end_ptr_      100050d0     itt_notify_proxy.obj
 0003:000000d4       ___itt_state_get_ptr_      100050d4     itt_notify_proxy.obj
 0003:000000d8       ___itt_state_set_ptr_      100050d8     itt_notify_proxy.obj
 0003:000000dc       ___itt_obj_mode_set_ptr_   100050dc     itt_notify_proxy.obj
 0003:000000e0       ___itt_thr_mode_set_ptr_   100050e0     itt_notify_proxy.obj
 0003:000000e4       ___itt_api_version_ptr_    100050e4     itt_notify_proxy.obj
 0003:000000e8       ___itt_jit_get_new_method_id_ptr_ 100050e8     itt_notify_proxy.obj
 0003:000006fc       ?__type_info_root_node@@3U__type_info_node@@A 100056fc     MSVCRT:tncleanup.obj
 0003:00007848       __adjust_fdiv              1000c848     <common>
 0003:0000784c       ___native_startup_state    1000c84c     <common>
 0003:00007850       ___native_startup_lock     1000c850     <common>
 0003:00007854       ___onexitend               1000c854     <common>
 0003:00007858       ___onexitbegin             1000c858     <common>
 0003:0000785c       ___dyn_tls_init_callback   1000c85c     <common>

 entry point at        0001:00002615

 Static symbols

 0001:00000000       ___itt_pause_init          10001000 f    CIL library: CIL module
 0001:00000010       ___itt_resume_init         10001010 f    CIL library: CIL module
 0001:00000020       ___itt_markA_init          10001020 f    CIL library: CIL module
 0001:00000030       ___itt_markW_init          10001030 f    CIL library: CIL module
 0001:00000040       ___itt_mark_globalA_init   10001040 f    CIL library: CIL module
 0001:00000050       ___itt_mark_globalW_init   10001050 f    CIL library: CIL module
 0001:00000060       ___itt_thread_set_nameA_init 10001060 f    CIL library: CIL module
 0001:00000070       ___itt_thread_set_nameW_init 10001070 f    CIL library: CIL module
 0001:00000080       ___itt_sync_createA_init   10001080 f    CIL library: CIL module
 0001:00000090       ___itt_sync_createW_init   10001090 f    CIL library: CIL module
 0001:000000a0       ___itt_sync_renameA_init   100010a0 f    CIL library: CIL module
 0001:000000b0       ___itt_sync_renameW_init   100010b0 f    CIL library: CIL module
 0001:000000c0       ___itt_sync_destroy_init   100010c0 f    CIL library: CIL module
 0001:000000d0       ___itt_mark_off_init       100010d0 f    CIL library: CIL module
 0001:000000e0       ___itt_mark_global_off_init 100010e0 f    CIL library: CIL module
 0001:000000f0       ___itt_thread_ignore_init  100010f0 f    CIL library: CIL module
 0001:00000100       ___itt_sync_prepare_init   10001100 f    CIL library: CIL module
 0001:00000110       ___itt_sync_cancel_init    10001110 f    CIL library: CIL module
 0001:00000120       ___itt_sync_acquired_init  10001120 f    CIL library: CIL module
 0001:00000130       ___itt_sync_releasing_init 10001130 f    CIL library: CIL module
 0001:00000140       ___itt_sync_released_init  10001140 f    CIL library: CIL module
 0001:00000150       ___itt_memory_read_init    10001150 f    CIL library: CIL module
 0001:00000160       ___itt_memory_write_init   10001160 f    CIL library: CIL module
 0001:00000170       ___itt_memory_update_init  10001170 f    CIL library: CIL module
 0001:00000180       ___itt_jit_notify_event_init 10001180 f    CIL library: CIL module
 0001:00000190       ___itt_mark_createA_init   10001190 f    CIL library: CIL module
 0001:000001a0       ___itt_mark_createW_init   100011a0 f    CIL library: CIL module
 0001:000001b0       ___itt_fsync_prepare_init  100011b0 f    CIL library: CIL module
 0001:000001c0       ___itt_fsync_cancel_init   100011c0 f    CIL library: CIL module
 0001:000001d0       ___itt_fsync_acquired_init 100011d0 f    CIL library: CIL module
 0001:000001e0       ___itt_fsync_releasing_init 100011e0 f    CIL library: CIL module
 0001:000001f0       ___itt_fsync_released_init 100011f0 f    CIL library: CIL module
 0001:00000200       ___itt_notify_sync_prepare_init 10001200 f    CIL library: CIL module
 0001:00000210       ___itt_notify_sync_cancel_init 10001210 f    CIL library: CIL module
 0001:00000220       ___itt_notify_sync_acquired_init 10001220 f    CIL library: CIL module
 0001:00000230       ___itt_notify_sync_releasing_init 10001230 f    CIL library: CIL module
 0001:00000240       ___itt_notify_cpath_target_init 10001240 f    CIL library: CIL module
 0001:00000250       ___itt_sync_set_nameA_init 10001250 f    CIL library: CIL module
 0001:00000260       ___itt_sync_set_nameW_init 10001260 f    CIL library: CIL module
 0001:00000270       ___itt_thr_name_setA_init  10001270 f    CIL library: CIL module
 0001:00000280       ___itt_thr_name_setW_init  10001280 f    CIL library: CIL module
 0001:00000290       ___itt_event_createA_init  10001290 f    CIL library: CIL module
 0001:000002a0       ___itt_event_createW_init  100012a0 f    CIL library: CIL module
 0001:000002b0       ___itt_thr_ignore_init     100012b0 f    CIL library: CIL module
 0001:000002c0       ___itt_event_start_init    100012c0 f    CIL library: CIL module
 0001:000002d0       ___itt_event_end_init      100012d0 f    CIL library: CIL module
 0001:000002e0       ___itt_state_get_init      100012e0 f    CIL library: CIL module
 0001:000002f0       ___itt_state_set_init      100012f0 f    CIL library: CIL module
 0001:00000300       ___itt_obj_mode_set_init   10001300 f    CIL library: CIL module
 0001:00000310       ___itt_thr_mode_set_init   10001310 f    CIL library: CIL module
 0001:00000320       ___itt_api_version_init    10001320 f    CIL library: CIL module
 0001:00000330       ___itt_jit_get_new_method_id_init 10001330 f    CIL library: CIL module
 0001:00000340       ___itt_fsplit              10001340 f    CIL library: CIL module
 0001:00000400       ___itt_get_lib_name        10001400 f    CIL library: CIL module
 0001:00000460       ___itt_get_groups          10001460 f    CIL library: CIL module
 0001:00000670       ___itt_init_lib            10001670 f    CIL library: CIL module
 0001:00000880       ?getThreadId@internal@rml@@YAHXZ 10001880 f    CIL library: CIL module
 0001:000008d0       ?mallocBigBlock@internal@rml@@YAHXZ 100018d0 f    CIL library: CIL module
 0001:00000960       ?bootStrapMalloc@internal@rml@@YAPAXI@Z 10001960 f    CIL library: CIL module
 0001:00000a10       ?pushTLSBin@internal@rml@@YAXPAUBin@12@PAUBlock@12@@Z 10001a10 f    CIL library: CIL module
 0001:00000a30       ?outofTLSBin@internal@rml@@YAXPAUBin@12@PAUBlock@12@@Z 10001a30 f    CIL library: CIL module
 0001:00000a70       ?emptyEnoughToUse@internal@rml@@YAIPAUBlock@12@@Z 10001a70 f    CIL library: CIL module
 0001:00000ac0       ?freePublicObject@internal@rml@@YAXPAUBlock@12@PAUFreeObject@12@@Z 10001ac0 f    CIL library: CIL module
 0001:00000b40       ?privatizePublicFreeList@internal@rml@@YAXPAUBlock@12@@Z 10001b40 f    CIL library: CIL module
 0001:00000bc0       ?getPublicFreeListBlock@internal@rml@@YAPAUBlock@12@PAUBin@12@@Z 10001bc0 f    CIL library: CIL module
 0001:00000bf0       ?getPartialBlock@internal@rml@@YAPAUBlock@12@PAUBin@12@I@Z 10001bf0 f    CIL library: CIL module
 0001:00000cb0       ?returnPartialBlock@internal@rml@@YAXPAUBin@12@PAUBlock@12@@Z 10001cb0 f    CIL library: CIL module
 0001:00000d50       ?initEmptyBlock@internal@rml@@YAXPAUBlock@12@I@Z 10001d50 f    CIL library: CIL module
 0001:00000e10       ?getRawBlock@internal@rml@@YAPAUBlock@12@XZ 10001e10 f    CIL library: CIL module
 0001:00000ed0       ?getEmptyBlock@internal@rml@@YAPAUBlock@12@I@Z 10001ed0 f    CIL library: CIL module
 0001:00000ef0       ?returnEmptyBlock@internal@rml@@YAXPAUBlock@12@_N@Z 10001ef0 f    CIL library: CIL module
 0001:00000f40       ?initMemoryManager@internal@rml@@YAXXZ 10001f40 f    CIL library: CIL module
 0001:00001030       ?cleanupCacheIfNeed@internal@rml@@YAIXZ 10002030 f    CIL library: CIL module
 0001:00001080       ?allocateCachedLargeObject@internal@rml@@YAPAUCachedObject@12@I@Z 10002080 f    CIL library: CIL module
 0001:000010f0       ?mallocLargeObject@internal@rml@@YAPAXII_N@Z 100020f0 f    CIL library: CIL module
 0001:00001170       ?freeLargeObjectToCache@internal@rml@@YA_NPAULargeObjectHeader@12@@Z 10002170 f    CIL library: CIL module
 0001:000011f0       ?allocateFromBlock@internal@rml@@YAPAUFreeObject@12@PAUBlock@12@@Z 100021f0 f    CIL library: CIL module
 0001:00001230       ?moveBlockToBinFront@internal@rml@@YAXPAUBlock@12@@Z 10002230 f    CIL library: CIL module
 0001:000012d0       ?processLessUsedBlock@internal@rml@@YAXPAUBlock@12@@Z 100022d0 f    CIL library: CIL module
 0001:00001370       ?allocateAligned@internal@rml@@YAPAXII@Z 10002370 f    CIL library: CIL module
 0001:00001440       ?reallocAligned@internal@rml@@YAPAXPAXII@Z 10002440 f    CIL library: CIL module
 0001:00001650       ?safer_dereference@@YA_KPA_K@Z 10002650 f    CIL library: CIL module
 0001:00001f60       ??$getIndexOrObjectSize@$00@internal@rml@@YAII@Z 10002f60 f    CIL library: CIL module
 0001:00001fe0       ??$getIndexOrObjectSize@$0A@@internal@rml@@YAII@Z 10002fe0 f    CIL library: CIL module
 0001:0000228a       _pre_c_init                1000328a f   MSVCRT:crtdll.obj
 0001:000024ff       ___DllMainCRTStartup       100034ff f   MSVCRT:crtdll.obj
